Archive member included to satisfy reference by file (symbol)

c:/st/stm32cubeide_1.10.1/stm32cubeide/plugins/com.st.stm32cube.ide.mcu.externaltools.gnu-tools-for-stm32.10.3-2021.10.win32_1.0.200.202301161003/tools/bin/../lib/gcc/arm-none-eabi/10.3.1/../../../../arm-none-eabi/lib/thumb/v7e-m+fp/hard\libc_nano.a(lib_a-calloc.o)
                              ./CANopenNode/CANopen.o (calloc)
c:/st/stm32cubeide_1.10.1/stm32cubeide/plugins/com.st.stm32cube.ide.mcu.externaltools.gnu-tools-for-stm32.10.3-2021.10.win32_1.0.200.202301161003/tools/bin/../lib/gcc/arm-none-eabi/10.3.1/../../../../arm-none-eabi/lib/thumb/v7e-m+fp/hard\libc_nano.a(lib_a-errno.o)
                              ./Core/Src/syscalls.o (__errno)
c:/st/stm32cubeide_1.10.1/stm32cubeide/plugins/com.st.stm32cube.ide.mcu.externaltools.gnu-tools-for-stm32.10.3-2021.10.win32_1.0.200.202301161003/tools/bin/../lib/gcc/arm-none-eabi/10.3.1/../../../../arm-none-eabi/lib/thumb/v7e-m+fp/hard\libc_nano.a(lib_a-exit.o)
                              c:/st/stm32cubeide_1.10.1/stm32cubeide/plugins/com.st.stm32cube.ide.mcu.externaltools.gnu-tools-for-stm32.10.3-2021.10.win32_1.0.200.202301161003/tools/bin/../lib/gcc/arm-none-eabi/10.3.1/../../../../arm-none-eabi/lib/thumb/v7e-m+fp/hard/crt0.o (exit)
c:/st/stm32cubeide_1.10.1/stm32cubeide/plugins/com.st.stm32cube.ide.mcu.externaltools.gnu-tools-for-stm32.10.3-2021.10.win32_1.0.200.202301161003/tools/bin/../lib/gcc/arm-none-eabi/10.3.1/../../../../arm-none-eabi/lib/thumb/v7e-m+fp/hard\libc_nano.a(lib_a-fflush.o)
                              ./CANopenNode_STM32/CO_app_STM32.o (fflush)
c:/st/stm32cubeide_1.10.1/stm32cubeide/plugins/com.st.stm32cube.ide.mcu.externaltools.gnu-tools-for-stm32.10.3-2021.10.win32_1.0.200.202301161003/tools/bin/../lib/gcc/arm-none-eabi/10.3.1/../../../../arm-none-eabi/lib/thumb/v7e-m+fp/hard\libc_nano.a(lib_a-findfp.o)
                              c:/st/stm32cubeide_1.10.1/stm32cubeide/plugins/com.st.stm32cube.ide.mcu.externaltools.gnu-tools-for-stm32.10.3-2021.10.win32_1.0.200.202301161003/tools/bin/../lib/gcc/arm-none-eabi/10.3.1/../../../../arm-none-eabi/lib/thumb/v7e-m+fp/hard\libc_nano.a(lib_a-fflush.o) (__sinit)
c:/st/stm32cubeide_1.10.1/stm32cubeide/plugins/com.st.stm32cube.ide.mcu.externaltools.gnu-tools-for-stm32.10.3-2021.10.win32_1.0.200.202301161003/tools/bin/../lib/gcc/arm-none-eabi/10.3.1/../../../../arm-none-eabi/lib/thumb/v7e-m+fp/hard\libc_nano.a(lib_a-fwalk.o)
                              c:/st/stm32cubeide_1.10.1/stm32cubeide/plugins/com.st.stm32cube.ide.mcu.externaltools.gnu-tools-for-stm32.10.3-2021.10.win32_1.0.200.202301161003/tools/bin/../lib/gcc/arm-none-eabi/10.3.1/../../../../arm-none-eabi/lib/thumb/v7e-m+fp/hard\libc_nano.a(lib_a-findfp.o) (_fwalk)
c:/st/stm32cubeide_1.10.1/stm32cubeide/plugins/com.st.stm32cube.ide.mcu.externaltools.gnu-tools-for-stm32.10.3-2021.10.win32_1.0.200.202301161003/tools/bin/../lib/gcc/arm-none-eabi/10.3.1/../../../../arm-none-eabi/lib/thumb/v7e-m+fp/hard\libc_nano.a(lib_a-impure.o)
                              c:/st/stm32cubeide_1.10.1/stm32cubeide/plugins/com.st.stm32cube.ide.mcu.externaltools.gnu-tools-for-stm32.10.3-2021.10.win32_1.0.200.202301161003/tools/bin/../lib/gcc/arm-none-eabi/10.3.1/../../../../arm-none-eabi/lib/thumb/v7e-m+fp/hard\libc_nano.a(lib_a-exit.o) (_global_impure_ptr)
c:/st/stm32cubeide_1.10.1/stm32cubeide/plugins/com.st.stm32cube.ide.mcu.externaltools.gnu-tools-for-stm32.10.3-2021.10.win32_1.0.200.202301161003/tools/bin/../lib/gcc/arm-none-eabi/10.3.1/../../../../arm-none-eabi/lib/thumb/v7e-m+fp/hard\libc_nano.a(lib_a-init.o)
                              c:/st/stm32cubeide_1.10.1/stm32cubeide/plugins/com.st.stm32cube.ide.mcu.externaltools.gnu-tools-for-stm32.10.3-2021.10.win32_1.0.200.202301161003/tools/bin/../lib/gcc/arm-none-eabi/10.3.1/../../../../arm-none-eabi/lib/thumb/v7e-m+fp/hard/crt0.o (__libc_init_array)
c:/st/stm32cubeide_1.10.1/stm32cubeide/plugins/com.st.stm32cube.ide.mcu.externaltools.gnu-tools-for-stm32.10.3-2021.10.win32_1.0.200.202301161003/tools/bin/../lib/gcc/arm-none-eabi/10.3.1/../../../../arm-none-eabi/lib/thumb/v7e-m+fp/hard\libc_nano.a(lib_a-lock.o)
                              c:/st/stm32cubeide_1.10.1/stm32cubeide/plugins/com.st.stm32cube.ide.mcu.externaltools.gnu-tools-for-stm32.10.3-2021.10.win32_1.0.200.202301161003/tools/bin/../lib/gcc/arm-none-eabi/10.3.1/../../../../arm-none-eabi/lib/thumb/v7e-m+fp/hard\libc_nano.a(lib_a-findfp.o) (__retarget_lock_init_recursive)
c:/st/stm32cubeide_1.10.1/stm32cubeide/plugins/com.st.stm32cube.ide.mcu.externaltools.gnu-tools-for-stm32.10.3-2021.10.win32_1.0.200.202301161003/tools/bin/../lib/gcc/arm-none-eabi/10.3.1/../../../../arm-none-eabi/lib/thumb/v7e-m+fp/hard\libc_nano.a(lib_a-malloc.o)
                              ./CANopenNode/CANopen.o (free)
[...]
Memory Configuration

Name             Origin             Length             Attributes
CCMRAM           0x0000000010000000 0x0000000000010000 xrw
RAM              0x0000000020000000 0x0000000000020000 xrw
FLASH            0x0000000008000000 0x0000000000080000 xr
*default*        0x0000000000000000 0xffffffffffffffff

Linker script and memory map

LOAD c:/st/stm32cubeide_1.10.1/stm32cubeide/plugins/com.st.stm32cube.ide.mcu.externaltools.gnu-tools-for-stm32.10.3-2021.10.win32_1.0.200.202301161003/tools/bin/../lib/gcc/arm-none-eabi/10.3.1/thumb/v7e-m+fp/hard/crti.o
LOAD c:/st/stm32cubeide_1.10.1/stm32cubeide/plugins/com.st.stm32cube.ide.mcu.externaltools.gnu-tools-for-stm32.10.3-2021.10.win32_1.0.200.202301161003/tools/bin/../lib/gcc/arm-none-eabi/10.3.1/thumb/v7e-m+fp/hard/crtbegin.o
LOAD c:/st/stm32cubeide_1.10.1/stm32cubeide/plugins/com.st.stm32cube.ide.mcu.externaltools.gnu-tools-for-stm32.10.3-2021.10.win32_1.0.200.202301161003/tools/bin/../lib/gcc/arm-none-eabi/10.3.1/../../../../arm-none-eabi/lib/thumb/v7e-m+fp/hard/crt0.o
LOAD ./CANopenNode/301/CO_Emergency.o
LOAD ./CANopenNode/301/CO_HBconsumer.o
LOAD ./CANopenNode/301/CO_NMT_Heartbeat.o
LOAD ./CANopenNode/301/CO_Node_Guarding.o
LOAD ./CANopenNode/301/CO_ODinterface.o
LOAD ./CANopenNode/301/CO_PDO.o
LOAD ./CANopenNode/301/CO_SDOclient.o
LOAD ./CANopenNode/301/CO_SDOserver.o
LOAD ./CANopenNode/301/CO_SYNC.o
LOAD ./CANopenNode/301/CO_TIME.o
LOAD ./CANopenNode/301/CO_fifo.o
LOAD ./CANopenNode/301/crc16-ccitt.o
LOAD ./CANopenNode/303/CO_LEDs.o
LOAD ./CANopenNode/304/CO_GFC.o
LOAD ./CANopenNode/304/CO_SRDO.o
LOAD ./CANopenNode/305/CO_LSSmaster.o
LOAD ./CANopenNode/305/CO_LSSslave.o
LOAD ./CANopenNode/309/CO_gateway_ascii.o
LOAD ./CANopenNode/309/CO_storageBlank.o
LOAD ./CANopenNode/CANopen.o
LOAD ./CANopenNode/extra/CO_trace.o
LOAD ./CANopenNode/storage/CO_storage.o
LOAD ./CANopenNode/storage/CO_storageEeprom.o
LOAD ./CANopenNode_STM32/CO_app_STM32.o
LOAD ./CANopenNode_STM32/CO_driver_STM32.o
LOAD ./CANopenNode_STM32/OD.o
LOAD ./Core/Src/main.o
LOAD ./Core/Src/stm32f4xx_hal_msp.o
LOAD ./Core/Src/stm32f4xx_it.o
LOAD ./Core/Src/syscalls.o
LOAD ./Core/Src/sysmem.o
LOAD ./Core/Src/system_stm32f4xx.o
LOAD ./Core/Startup/startup_stm32f407zetx.o
LOAD ./Drivers/STM32F4xx_HAL_Driver/Src/stm32f4xx_hal.o
LOAD ./Drivers/STM32F4xx_HAL_Driver/Src/stm32f4xx_hal_can.o
LOAD ./Drivers/STM32F4xx_HAL_Driver/Src/stm32f4xx_hal_cortex.o
LOAD ./Drivers/STM32F4xx_HAL_Driver/Src/stm32f4xx_hal_dma.o
LOAD ./Drivers/STM32F4xx_HAL_Driver/Src/stm32f4xx_hal_dma_ex.o
LOAD ./Drivers/STM32F4xx_HAL_Driver/Src/stm32f4xx_hal_exti.o
LOAD ./Drivers/STM32F4xx_HAL_Driver/Src/stm32f4xx_hal_flash.o
LOAD ./Drivers/STM32F4xx_HAL_Driver/Src/stm32f4xx_hal_flash_ex.o
LOAD ./Drivers/STM32F4xx_HAL_Driver/Src/stm32f4xx_hal_flash_ramfunc.o
LOAD ./Drivers/STM32F4xx_HAL_Driver/Src/stm32f4xx_hal_gpio.o
LOAD ./Drivers/STM32F4xx_HAL_Driver/Src/stm32f4xx_hal_pwr.o
LOAD ./Drivers/STM32F4xx_HAL_Driver/Src/stm32f4xx_hal_pwr_ex.o
LOAD ./Drivers/STM32F4xx_HAL_Driver/Src/stm32f4xx_hal_rcc.o
LOAD ./Drivers/STM32F4xx_HAL_Driver/Src/stm32f4xx_hal_rcc_ex.o
LOAD ./Drivers/STM32F4xx_HAL_Driver/Src/stm32f4xx_hal_tim.o
LOAD ./Drivers/STM32F4xx_HAL_Driver/Src/stm32f4xx_hal_tim_ex.o
LOAD ./Drivers/STM32F4xx_HAL_Driver/Src/stm32f4xx_hal_uart.o
START GROUP
LOAD c:/st/stm32cubeide_1.10.1/stm32cubeide/plugins/com.st.stm32cube.ide.mcu.externaltools.gnu-tools-for-stm32.10.3-2021.10.win32_1.0.200.202301161003/tools/bin/../lib/gcc/arm-none-eabi/10.3.1/../../../../arm-none-eabi/lib/thumb/v7e-m+fp/hard\libc_nano.a
LOAD c:/st/stm32cubeide_1.10.1/stm32cubeide/plugins/com.st.stm32cube.ide.mcu.externaltools.gnu-tools-for-stm32.10.3-2021.10.win32_1.0.200.202301161003/tools/bin/../lib/gcc/arm-none-eabi/10.3.1/../../../../arm-none-eabi/lib/thumb/v7e-m+fp/hard\libm.a
END GROUP
START GROUP
LOAD c:/st/stm32cubeide_1.10.1/stm32cubeide/plugins/com.st.stm32cube.ide.mcu.externaltools.gnu-tools-for-stm32.10.3-2021.10.win32_1.0.200.202301161003/tools/bin/../lib/gcc/arm-none-eabi/10.3.1/thumb/v7e-m+fp/hard\libgcc.a
LOAD c:/st/stm32cubeide_1.10.1/stm32cubeide/plugins/com.st.stm32cube.ide.mcu.externaltools.gnu-tools-for-stm32.10.3-2021.10.win32_1.0.200.202301161003/tools/bin/../lib/gcc/arm-none-eabi/10.3.1/../../../../arm-none-eabi/lib/thumb/v7e-m+fp/hard\libc_nano.a
END GROUP
START GROUP
LOAD c:/st/stm32cubeide_1.10.1/stm32cubeide/plugins/com.st.stm32cube.ide.mcu.externaltools.gnu-tools-for-stm32.10.3-2021.10.win32_1.0.200.202301161003/tools/bin/../lib/gcc/arm-none-eabi/10.3.1/thumb/v7e-m+fp/hard\libgcc.a
LOAD c:/st/stm32cubeide_1.10.1/stm32cubeide/plugins/com.st.stm32cube.ide.mcu.externaltools.gnu-tools-for-stm32.10.3-2021.10.win32_1.0.200.202301161003/tools/bin/../lib/gcc/arm-none-eabi/10.3.1/../../../../arm-none-eabi/lib/thumb/v7e-m+fp/hard\libc_nano.a
LOAD c:/st/stm32cubeide_1.10.1/stm32cubeide/plugins/com.st.stm32cube.ide.mcu.externaltools.gnu-tools-for-stm32.10.3-2021.10.win32_1.0.200.202301161003/tools/bin/../lib/gcc/arm-none-eabi/10.3.1/../../../../arm-none-eabi/lib/thumb/v7e-m+fp/hard\libnosys.a
END GROUP
START GROUP
LOAD c:/st/stm32cubeide_1.10.1/stm32cubeide/plugins/com.st.stm32cube.ide.mcu.externaltools.gnu-tools-for-stm32.10.3-2021.10.win32_1.0.200.202301161003/tools/bin/../lib/gcc/arm-none-eabi/10.3.1/thumb/v7e-m+fp/hard\libgcc.a
LOAD c:/st/stm32cubeide_1.10.1/stm32cubeide/plugins/com.st.stm32cube.ide.mcu.externaltools.gnu-tools-for-stm32.10.3-2021.10.win32_1.0.200.202301161003/tools/bin/../lib/gcc/arm-none-eabi/10.3.1/../../../../arm-none-eabi/lib/thumb/v7e-m+fp/hard\libc_nano.a
LOAD c:/st/stm32cubeide_1.10.1/stm32cubeide/plugins/com.st.stm32cube.ide.mcu.externaltools.gnu-tools-for-stm32.10.3-2021.10.win32_1.0.200.202301161003/tools/bin/../lib/gcc/arm-none-eabi/10.3.1/../../../../arm-none-eabi/lib/thumb/v7e-m+fp/hard\libnosys.a
END GROUP
LOAD c:/st/stm32cubeide_1.10.1/stm32cubeide/plugins/com.st.stm32cube.ide.mcu.externaltools.gnu-tools-for-stm32.10.3-2021.10.win32_1.0.200.202301161003/tools/bin/../lib/gcc/arm-none-eabi/10.3.1/thumb/v7e-m+fp/hard/crtend.o
LOAD c:/st/stm32cubeide_1.10.1/stm32cubeide/plugins/com.st.stm32cube.ide.mcu.externaltools.gnu-tools-for-stm32.10.3-2021.10.win32_1.0.200.202301161003/tools/bin/../lib/gcc/arm-none-eabi/10.3.1/thumb/v7e-m+fp/hard/crtn.o
                0x0000000020020000                _estack = (ORIGIN (RAM) + LENGTH (RAM))
                0x0000000000000200                _Min_Heap_Size = 0x200
                0x0000000000000400                _Min_Stack_Size = 0x400

.isr_vector     0x0000000008000000      0x188
                0x0000000008000000                . = ALIGN (0x4)
 *(.isr_vector)
 .isr_vector    0x0000000008000000      0x188 ./Core/Startup/startup_stm32f407zetx.o
                0x0000000008000000                g_pfnVectors
                0x0000000008000188                . = ALIGN (0x4)

.text           0x0000000008000190     0xa6c4
                0x0000000008000190                . = ALIGN (0x4)
 *(.text)
 .text          0x0000000008000190       0x40 c:/st/stm32cubeide_1.10.1/stm32cubeide/plugins/com.st.stm32cube.ide.mcu.externaltools.gnu-tools-for-stm32.10.3-2021.10.win32_1.0.200.202301161003/tools/bin/../lib/gcc/arm-none-eabi/10.3.1/thumb/v7e-m+fp/hard/crtbegin.o
 .text          0x00000000080001d0       0x10 c:/st/stm32cubeide_1.10.1/stm32cubeide/plugins/com.st.stm32cube.ide.mcu.externaltools.gnu-tools-for-stm32.10.3-2021.10.win32_1.0.200.202301161003/tools/bin/../lib/gcc/arm-none-eabi/10.3.1/../../../../arm-none-eabi/lib/thumb/v7e-m+fp/hard\libc_nano.a(lib_a-strlen.o)
                0x00000000080001d0                strlen
 .text          0x00000000080001e0       0xa0 c:/st/stm32cubeide_1.10.1/stm32cubeide/plugins/com.st.stm32cube.ide.mcu.externaltools.gnu-tools-for-stm32.10.3-2021.10.win32_1.0.200.202301161003/tools/bin/../lib/gcc/arm-none-eabi/10.3.1/../../../../arm-none-eabi/lib/thumb/v7e-m+fp/hard\libc_nano.a(lib_a-memchr.o)
                0x00000000080001e0                memchr
 .text          0x0000000008000280       0x30 c:/st/stm32cubeide_1.10.1/stm32cubeide/plugins/com.st.stm32cube.ide.mcu.externaltools.gnu-tools-for-stm32.10.3-2021.10.win32_1.0.200.202301161003/tools/bin/../lib/gcc/arm-none-eabi/10.3.1/thumb/v7e-m+fp/hard\libgcc.a(_aeabi_uldivmod.o)
                0x0000000008000280                __aeabi_uldivmod
 .text          0x00000000080002b0      0x2d0 c:/st/stm32cubeide_1.10.1/stm32cubeide/plugins/com.st.stm32cube.ide.mcu.externaltools.gnu-tools-for-stm32.10.3-2021.10.win32_1.0.200.202301161003/tools/bin/../lib/gcc/arm-none-eabi/10.3.1/thumb/v7e-m+fp/hard\libgcc.a(_udivmoddi4.o)
                0x00000000080002b0                __udivmoddi4
 .text          0x0000000008000580        0x4 c:/st/stm32cubeide_1.10.1/stm32cubeide/plugins/com.st.stm32cube.ide.mcu.externaltools.gnu-tools-for-stm32.10.3-2021.10.win32_1.0.200.202301161003/tools/bin/../lib/gcc/arm-none-eabi/10.3.1/thumb/v7e-m+fp/hard\libgcc.a(_dvmd_tls.o)
                0x0000000008000580                __aeabi_idiv0
                0x0000000008000580                __aeabi_ldiv0
 *(.text*)
 .text.CO_getUint8
                0x0000000008000584       0x1c ./CANopenNode/301/CO_Emergency.o
 .text.CO_setUint8
                0x00000000080005a0       0x20 ./CANopenNode/301/CO_Emergency.o
 .text.CO_setUint32
                0x00000000080005c0       0x1e ./CANopenNode/301/CO_Emergency.o
 .text.OD_getIndex
                0x00000000080005de       0x22 ./CANopenNode/301/CO_Emergency.o
 .text.OD_extension_init
                0x0000000008000600       0x28 ./CANopenNode/301/CO_Emergency.o
 .text.OD_get_u32
                0x0000000008000628       0x2a ./CANopenNode/301/CO_Emergency.o
 .text.OD_read_1014_default
                0x0000000008000652       0x72 ./CANopenNode/301/CO_Emergency.o
 .text.OD_read_1003
                0x00000000080006c4       0xdc ./CANopenNode/301/CO_Emergency.o
 .text.OD_write_1003
                0x00000000080007a0       0x60 ./CANopenNode/301/CO_Emergency.o
 .text.CO_EM_init
                0x0000000008000800      0x1c0 ./CANopenNode/301/CO_Emergency.o
                0x0000000008000800                CO_EM_init
 .text.CO_EM_process
                0x00000000080009c0      0x294 ./CANopenNode/301/CO_Emergency.o
                0x00000000080009c0                CO_EM_process
 .text.CO_error
                0x0000000008000c54      0x17a ./CANopenNode/301/CO_Emergency.o
                0x0000000008000c54                CO_error
 .text.OD_getIndex
                0x0000000008000dce       0x22 ./CANopenNode/301/CO_HBconsumer.o
 .text.OD_get_u32
                0x0000000008000df0       0x2a ./CANopenNode/301/CO_HBconsumer.o
 .text.CO_HBcons_receive
                0x0000000008000e1a       0x4c ./CANopenNode/301/CO_HBconsumer.o
 .text.CO_HBconsumer_init
                0x0000000008000e66      0x10c ./CANopenNode/301/CO_HBconsumer.o
                0x0000000008000e66                CO_HBconsumer_init
 *fill*         0x0000000008000f72        0x2 
 .text.CO_HBconsumer_initEntry
                0x0000000008000f74      0x164 ./CANopenNode/301/CO_HBconsumer.o
 .text.CO_HBconsumer_initCallbackPre
                0x00000000080010d8       0x5c ./CANopenNode/301/CO_HBconsumer.o
                0x00000000080010d8                CO_HBconsumer_initCallbackPre
 .text.CO_HBconsumer_process
                0x0000000008001134      0x222 ./CANopenNode/301/CO_HBconsumer.o
                0x0000000008001134                CO_HBconsumer_process
 .text.CO_getUint16
                0x0000000008001356       0x1e ./CANopenNode/301/CO_NMT_Heartbeat.o
 .text.OD_getIndex
                0x0000000008001374       0x22 ./CANopenNode/301/CO_NMT_Heartbeat.o
 .text.OD_extension_init
                0x0000000008001396       0x28 ./CANopenNode/301/CO_NMT_Heartbeat.o
 .text.OD_get_u16
                0x00000000080013be       0x2a ./CANopenNode/301/CO_NMT_Heartbeat.o
 .text.CO_isError
                0x00000000080013e8       0x4e ./CANopenNode/301/CO_NMT_Heartbeat.o
 .text.CO_getErrorRegister
                0x0000000008001436       0x2c ./CANopenNode/301/CO_NMT_Heartbeat.o
 .text.CO_NMT_receive
                0x0000000008001462       0x4e ./CANopenNode/301/CO_NMT_Heartbeat.o
 .text.OD_write_1017
                0x00000000080014b0       0x6a ./CANopenNode/301/CO_NMT_Heartbeat.o
 *fill*         0x000000000800151a        0x2 
 .text.CO_NMT_init
                0x000000000800151c      0x17c ./CANopenNode/301/CO_NMT_Heartbeat.o
                0x000000000800151c                CO_NMT_init
 .text.CO_NMT_process
                0x0000000008001698      0x1dc ./CANopenNode/301/CO_NMT_Heartbeat.o
                0x0000000008001698                CO_NMT_process
 .text.OD_readOriginal
                0x0000000008001874       0xb0 ./CANopenNode/301/CO_ODinterface.o
                0x0000000008001874                OD_readOriginal
 .text.OD_writeOriginal
                0x0000000008001924       0xbc ./CANopenNode/301/CO_ODinterface.o
                0x0000000008001924                OD_writeOriginal
 .text.OD_readDisabled
                0x00000000080019e0       0x1c ./CANopenNode/301/CO_ODinterface.o
 .text.OD_writeDisabled
                0x00000000080019fc       0x1c ./CANopenNode/301/CO_ODinterface.o
 .text.OD_find  0x0000000008001a18       0xb8 ./CANopenNode/301/CO_ODinterface.o
                0x0000000008001a18                OD_find
 .text.OD_getSub
                0x0000000008001ad0      0x1ec ./CANopenNode/301/CO_ODinterface.o
                0x0000000008001ad0                OD_getSub
 .text.OD_getSDOabCode
                0x0000000008001cbc       0x3c ./CANopenNode/301/CO_ODinterface.o
                0x0000000008001cbc                OD_getSDOabCode
 .text.OD_get_value
                0x0000000008001cf8       0x6c ./CANopenNode/301/CO_ODinterface.o
                0x0000000008001cf8                OD_get_value
 .text.OD_set_value
                0x0000000008001d64       0x62 ./CANopenNode/301/CO_ODinterface.o
                0x0000000008001d64                OD_set_value
 .text.OD_getPtr
                0x0000000008001dc6       0x86 ./CANopenNode/301/CO_ODinterface.o
                0x0000000008001dc6                OD_getPtr
 .text.OD_getIndex
                0x0000000008001e4c       0x22 ./CANopenNode/301/CO_SDOclient.o
 .text.OD_get_u8
                0x0000000008001e6e       0x2a ./CANopenNode/301/CO_SDOclient.o
 .text.OD_get_u32
                0x0000000008001e98       0x2a ./CANopenNode/301/CO_SDOclient.o
 .text.CO_SDOclient_receive
                0x0000000008001ec2       0x58 ./CANopenNode/301/CO_SDOclient.o
 .text.CO_SDOclient_init
                0x0000000008001f1a      0x122 ./CANopenNode/301/CO_SDOclient.o
                0x0000000008001f1a                CO_SDOclient_init
 .text.CO_SDOclient_setup
                0x000000000800203c       0xe8 ./CANopenNode/301/CO_SDOclient.o
                0x000000000800203c                CO_SDOclient_setup
 .text.CO_getUint8
                0x0000000008002124       0x1c ./CANopenNode/301/CO_SDOserver.o
 .text.CO_getUint32
                0x0000000008002140       0x1c ./CANopenNode/301/CO_SDOserver.o
 .text.OD_getIndex
                0x000000000800215c       0x22 ./CANopenNode/301/CO_SDOserver.o
 .text.OD_extension_init
                0x000000000800217e       0x28 ./CANopenNode/301/CO_SDOserver.o
 .text.OD_get_u8
                0x00000000080021a6       0x2a ./CANopenNode/301/CO_SDOserver.o
 .text.OD_get_u32
                0x00000000080021d0       0x2a ./CANopenNode/301/CO_SDOserver.o
 .text.OD_set_u32
                0x00000000080021fa       0x2a ./CANopenNode/301/CO_SDOserver.o
 .text.CO_SDO_receive
                0x0000000008002224       0x54 ./CANopenNode/301/CO_SDOserver.o
 .text.CO_SDOserver_init_canRxTx
                0x0000000008002278       0xd8 ./CANopenNode/301/CO_SDOserver.o
 .text.OD_write_1201_additional
                0x0000000008002350      0x224 ./CANopenNode/301/CO_SDOserver.o
 .text.CO_SDOserver_init
                0x0000000008002574      0x228 ./CANopenNode/301/CO_SDOserver.o
                0x0000000008002574                CO_SDOserver_init
 .text.validateAndWriteToOD
                0x000000000800279c      0x210 ./CANopenNode/301/CO_SDOserver.o
 .text.readFromOd
                0x00000000080029ac      0x180 ./CANopenNode/301/CO_SDOserver.o
 .text.CO_SDOserver_process
                0x0000000008002b2c      0x9c4 ./CANopenNode/301/CO_SDOserver.o
                0x0000000008002b2c                CO_SDOserver_process
 .text.CO_getUint8
                0x00000000080034f0       0x1c ./CANopenNode/301/CO_SYNC.o
 .text.CO_getUint32
                0x000000000800350c       0x1c ./CANopenNode/301/CO_SYNC.o
 .text.OD_getIndex
                0x0000000008003528       0x22 ./CANopenNode/301/CO_SYNC.o
 .text.OD_extension_init
                0x000000000800354a       0x28 ./CANopenNode/301/CO_SYNC.o
 .text.OD_get_u8
                0x0000000008003572       0x2a ./CANopenNode/301/CO_SYNC.o
 .text.OD_get_u32
                0x000000000800359c       0x2a ./CANopenNode/301/CO_SYNC.o
 .text.CO_SYNCsend
                0x00000000080035c6       0x64 ./CANopenNode/301/CO_SYNC.o
 .text.CO_SYNC_receive
                0x000000000800362a       0x8c ./CANopenNode/301/CO_SYNC.o
 *fill*         0x00000000080036b6        0x2 
 .text.OD_write_1005
                0x00000000080036b8      0x18c ./CANopenNode/301/CO_SYNC.o
 .text.OD_write_1019
                0x0000000008003844       0xbe ./CANopenNode/301/CO_SYNC.o
 *fill*         0x0000000008003902        0x2 
 .text.CO_SYNC_init
                0x0000000008003904      0x250 ./CANopenNode/301/CO_SYNC.o
                0x0000000008003904                CO_SYNC_init
 .text.CO_SYNC_process
                0x0000000008003b54      0x172 ./CANopenNode/301/CO_SYNC.o
                0x0000000008003b54                CO_SYNC_process
 .text.CO_getUint16
                0x0000000008003cc6       0x1e ./CANopenNode/301/CO_TIME.o
 .text.CO_getUint32
                0x0000000008003ce4       0x1c ./CANopenNode/301/CO_TIME.o
 .text.OD_getIndex
                0x0000000008003d00       0x22 ./CANopenNode/301/CO_TIME.o
 .text.OD_extension_init
                0x0000000008003d22       0x28 ./CANopenNode/301/CO_TIME.o
 .text.OD_get_u32
                0x0000000008003d4a       0x2a ./CANopenNode/301/CO_TIME.o
 .text.CO_TIME_receive
                0x0000000008003d74       0x3a ./CANopenNode/301/CO_TIME.o
 *fill*         0x0000000008003dae        0x2 
 .text.OD_write_1012
                0x0000000008003db0       0xe4 ./CANopenNode/301/CO_TIME.o
 .text.CO_TIME_init
                0x0000000008003e94      0x100 ./CANopenNode/301/CO_TIME.o
                0x0000000008003e94                CO_TIME_init
 .text.CO_TIME_process
                0x0000000008003f94       0xec ./CANopenNode/301/CO_TIME.o
                0x0000000008003f94                CO_TIME_process
 .text.CO_fifo_init
                0x0000000008004080       0x44 ./CANopenNode/301/CO_fifo.o
                0x0000000008004080                CO_fifo_init
 .text.CO_LEDs_init
                0x00000000080040c4       0x2e ./CANopenNode/303/CO_LEDs.o
                0x00000000080040c4                CO_LEDs_init
 *fill*         0x00000000080040f2        0x2 
 .text.CO_LEDs_process
                0x00000000080040f4      0x33c ./CANopenNode/303/CO_LEDs.o
                0x00000000080040f4                CO_LEDs_process
 .text.CO_LSSmaster_receive
                0x0000000008004430       0x4c ./CANopenNode/305/CO_LSSmaster.o
 .text.CO_LSSmaster_init
                0x000000000800447c       0xc0 ./CANopenNode/305/CO_LSSmaster.o
                0x000000000800447c                CO_LSSmaster_init
 .text.CO_LSSslave_receive
                0x000000000800453c      0x2c0 ./CANopenNode/305/CO_LSSslave.o
 .text.CO_LSSslave_init
                0x00000000080047fc       0xec ./CANopenNode/305/CO_LSSslave.o
                0x00000000080047fc                CO_LSSslave_init
 .text.CO_LSSslave_process
                0x00000000080048e8      0x42c ./CANopenNode/305/CO_LSSslave.o
                0x00000000080048e8                CO_LSSslave_process
 .text.CO_isError
                0x0000000008004d14       0x4e ./CANopenNode/CANopen.o
 .text.CO_getErrorRegister
                0x0000000008004d62       0x2c ./CANopenNode/CANopen.o
 .text.CO_NMT_getInternalState
                0x0000000008004d8e       0x24 ./CANopenNode/CANopen.o
 .text.CO_LSSslave_getState
                0x0000000008004db2       0x22 ./CANopenNode/CANopen.o
 .text.CO_new   0x0000000008004dd4      0x290 ./CANopenNode/CANopen.o
                0x0000000008004dd4                CO_new
 .text.CO_delete
                0x0000000008005064       0xbe ./CANopenNode/CANopen.o
                0x0000000008005064                CO_delete
 .text.CO_CANinit
                0x0000000008005122       0x58 ./CANopenNode/CANopen.o
                0x0000000008005122                CO_CANinit
 .text.CO_LSSinit
                0x000000000800517a       0x58 ./CANopenNode/CANopen.o
                0x000000000800517a                CO_LSSinit
 *fill*         0x00000000080051d2        0x2 
 .text.CO_CANopenInit
                0x00000000080051d4      0x34c ./CANopenNode/CANopen.o
                0x00000000080051d4                CO_CANopenInit
 .text.CO_CANopenInitPDO
                0x0000000008005520       0x52 ./CANopenNode/CANopen.o
                0x0000000008005520                CO_CANopenInitPDO
 .text.CO_process
                0x0000000008005572      0x1ea ./CANopenNode/CANopen.o
                0x0000000008005572                CO_process
 .text.CO_process_SYNC
                0x000000000800575c       0x8a ./CANopenNode/CANopen.o
                0x000000000800575c                CO_process_SYNC
 *fill*         0x00000000080057e6        0x2 
 .text.canopen_app_init
                0x00000000080057e8       0x74 ./CANopenNode_STM32/CO_app_STM32.o
                0x00000000080057e8                canopen_app_init
 .text.canopen_app_resetCommunication
                0x000000000800585c      0x2b0 ./CANopenNode_STM32/CO_app_STM32.o
                0x000000000800585c                canopen_app_resetCommunication
 .text.canopen_app_process
                0x0000000008005b0c       0xd8 ./CANopenNode_STM32/CO_app_STM32.o
                0x0000000008005b0c                canopen_app_process
 .text.canopen_app_interrupt
                0x0000000008005be4       0x68 ./CANopenNode_STM32/CO_app_STM32.o
                0x0000000008005be4                canopen_app_interrupt
 .text.CO_CANsetConfigurationMode
                0x0000000008005c4c       0x20 ./CANopenNode_STM32/CO_driver_STM32.o
                0x0000000008005c4c                CO_CANsetConfigurationMode
 .text.CO_CANsetNormalMode
                0x0000000008005c6c       0x30 ./CANopenNode_STM32/CO_driver_STM32.o
                0x0000000008005c6c                CO_CANsetNormalMode
 .text.CO_CANmodule_init
                0x0000000008005c9c      0x190 ./CANopenNode_STM32/CO_driver_STM32.o
                0x0000000008005c9c                CO_CANmodule_init
 .text.CO_CANmodule_disable
                0x0000000008005e2c       0x2a ./CANopenNode_STM32/CO_driver_STM32.o
                0x0000000008005e2c                CO_CANmodule_disable
 *fill*         0x0000000008005e56        0x2 
 .text.CO_CANrxBufferInit
                0x0000000008005e58       0xbc ./CANopenNode_STM32/CO_driver_STM32.o
                0x0000000008005e58                CO_CANrxBufferInit
 .text.CO_CANtxBufferInit
                0x0000000008005f14       0x28 ./CANopenNode_STM32/CO_driver_STM32.o
                0x0000000008005f14                CO_CANtxBufferInit
 .text.prv_send_can_message
                0x0000000008005f3c       0x80 ./CANopenNode_STM32/CO_driver_STM32.o
 .text.CO_CANsend
                0x0000000008005fbc       0x86 ./CANopenNode_STM32/CO_driver_STM32.o
                0x0000000008005fbc                CO_CANsend
 .text.CO_CANclearPendingSyncPDOs
                0x0000000008006042       0xcc ./CANopenNode_STM32/CO_driver_STM32.o
                0x0000000008006042                CO_CANclearPendingSyncPDOs
 .text.CO_CANmodule_process
                0x000000000800610e       0x90 ./CANopenNode_STM32/CO_driver_STM32.o
                0x000000000800610e                CO_CANmodule_process
 *fill*         0x000000000800619e        0x2 
 .text.prv_read_can_received_msg
                0x00000000080061a0       0xd8 ./CANopenNode_STM32/CO_driver_STM32.o
 .text.HAL_CAN_RxFifo0MsgPendingCallback
                0x0000000008006278       0x1a ./CANopenNode_STM32/CO_driver_STM32.o
                0x0000000008006278                HAL_CAN_RxFifo0MsgPendingCallback
 .text.HAL_CAN_RxFifo1MsgPendingCallback
                0x0000000008006292       0x1a ./CANopenNode_STM32/CO_driver_STM32.o
                0x0000000008006292                HAL_CAN_RxFifo1MsgPendingCallback
 .text.CO_CANinterrupt_TX
                0x00000000080062ac       0xa4 ./CANopenNode_STM32/CO_driver_STM32.o
                0x00000000080062ac                CO_CANinterrupt_TX
 .text.HAL_CAN_TxMailbox0CompleteCallback
                0x0000000008006350       0x20 ./CANopenNode_STM32/CO_driver_STM32.o
                0x0000000008006350                HAL_CAN_TxMailbox0CompleteCallback
 .text.HAL_CAN_TxMailbox1CompleteCallback
                0x0000000008006370       0x20 ./CANopenNode_STM32/CO_driver_STM32.o
                0x0000000008006370                HAL_CAN_TxMailbox1CompleteCallback
 .text.HAL_CAN_TxMailbox2CompleteCallback
                0x0000000008006390       0x20 ./CANopenNode_STM32/CO_driver_STM32.o
                0x0000000008006390                HAL_CAN_TxMailbox2CompleteCallback
 .text.HAL_TIM_PeriodElapsedCallback
                0x00000000080063b0       0x38 ./Core/Src/main.o
                0x00000000080063b0                HAL_TIM_PeriodElapsedCallback
 .text.__io_putchar
                0x00000000080063e8       0x24 ./Core/Src/main.o
                0x00000000080063e8                __io_putchar
 .text.main     0x000000000800640c       0xec ./Core/Src/main.o
                0x000000000800640c                main
 .text.SystemClock_Config
                0x00000000080064f8       0xd4 ./Core/Src/main.o
                0x00000000080064f8                SystemClock_Config
 .text.MX_CAN1_Init
                0x00000000080065cc       0x6c ./Core/Src/main.o
 .text.MX_TIM14_Init
                0x0000000008006638       0x48 ./Core/Src/main.o
 .text.MX_USART2_UART_Init
                0x0000000008006680       0x54 ./Core/Src/main.o
 .text.MX_GPIO_Init
                0x00000000080066d4       0xf8 ./Core/Src/main.o
 .text.Error_Handler
                0x00000000080067cc        0xa ./Core/Src/main.o
                0x00000000080067cc                Error_Handler
 *fill*         0x00000000080067d6        0x2 
 .text.HAL_MspInit
                0x00000000080067d8       0x50 ./Core/Src/stm32f4xx_hal_msp.o
                0x00000000080067d8                HAL_MspInit
 .text.HAL_CAN_MspInit
                0x0000000008006828       0xd0 ./Core/Src/stm32f4xx_hal_msp.o
                0x0000000008006828                HAL_CAN_MspInit
 .text.HAL_TIM_Base_MspInit
                0x00000000080068f8       0x50 ./Core/Src/stm32f4xx_hal_msp.o
                0x00000000080068f8                HAL_TIM_Base_MspInit
 .text.HAL_UART_MspInit
                0x0000000008006948       0x90 ./Core/Src/stm32f4xx_hal_msp.o
                0x0000000008006948                HAL_UART_MspInit
 .text.NMI_Handler
                0x00000000080069d8        0x6 ./Core/Src/stm32f4xx_it.o
                0x00000000080069d8                NMI_Handler
 .text.HardFault_Handler
                0x00000000080069de        0x6 ./Core/Src/stm32f4xx_it.o
                0x00000000080069de                HardFault_Handler
 .text.MemManage_Handler
                0x00000000080069e4        0x6 ./Core/Src/stm32f4xx_it.o
                0x00000000080069e4                MemManage_Handler
 .text.BusFault_Handler
                0x00000000080069ea        0x6 ./Core/Src/stm32f4xx_it.o
                0x00000000080069ea                BusFault_Handler
 .text.UsageFault_Handler
                0x00000000080069f0        0x6 ./Core/Src/stm32f4xx_it.o
                0x00000000080069f0                UsageFault_Handler
 .text.SVC_Handler
                0x00000000080069f6        0xe ./Core/Src/stm32f4xx_it.o
                0x00000000080069f6                SVC_Handler
 .text.DebugMon_Handler
                0x0000000008006a04        0xe ./Core/Src/stm32f4xx_it.o
                0x0000000008006a04                DebugMon_Handler
 .text.PendSV_Handler
                0x0000000008006a12        0xe ./Core/Src/stm32f4xx_it.o
                0x0000000008006a12                PendSV_Handler
 .text.SysTick_Handler
                0x0000000008006a20        0xc ./Core/Src/stm32f4xx_it.o
                0x0000000008006a20                SysTick_Handler
 .text.CAN1_TX_IRQHandler
                0x0000000008006a2c       0x14 ./Core/Src/stm32f4xx_it.o
                0x0000000008006a2c                CAN1_TX_IRQHandler
 .text.CAN1_RX0_IRQHandler
                0x0000000008006a40       0x14 ./Core/Src/stm32f4xx_it.o
                0x0000000008006a40                CAN1_RX0_IRQHandler
 .text.CAN1_RX1_IRQHandler
                0x0000000008006a54       0x14 ./Core/Src/stm32f4xx_it.o
                0x0000000008006a54                CAN1_RX1_IRQHandler
 .text.CAN1_SCE_IRQHandler
                0x0000000008006a68       0x14 ./Core/Src/stm32f4xx_it.o
                0x0000000008006a68                CAN1_SCE_IRQHandler
 .text.TIM8_TRG_COM_TIM14_IRQHandler
                0x0000000008006a7c       0x14 ./Core/Src/stm32f4xx_it.o
                0x0000000008006a7c                TIM8_TRG_COM_TIM14_IRQHandler
 .text._read    0x0000000008006a90       0x3a ./Core/Src/syscalls.o
                0x0000000008006a90                _read
 .text._write   0x0000000008006aca       0x38 ./Core/Src/syscalls.o
                0x0000000008006aca                _write
 .text._close   0x0000000008006b02       0x18 ./Core/Src/syscalls.o
                0x0000000008006b02                _close
 .text._fstat   0x0000000008006b1a       0x20 ./Core/Src/syscalls.o
                0x0000000008006b1a                _fstat
 .text._isatty  0x0000000008006b3a       0x16 ./Core/Src/syscalls.o
                0x0000000008006b3a                _isatty
 .text._lseek   0x0000000008006b50       0x1a ./Core/Src/syscalls.o
                0x0000000008006b50                _lseek
 *fill*         0x0000000008006b6a        0x2 
 .text._sbrk    0x0000000008006b6c       0x6c ./Core/Src/sysmem.o
                0x0000000008006b6c                _sbrk
 .text.SystemInit
                0x0000000008006bd8       0x24 ./Core/Src/system_stm32f4xx.o
                0x0000000008006bd8                SystemInit
 .text.Reset_Handler
                0x0000000008006bfc       0x50 ./Core/Startup/startup_stm32f407zetx.o
                0x0000000008006bfc                Reset_Handler
 .text.Default_Handler
                0x0000000008006c4c        0x2 ./Core/Startup/startup_stm32f407zetx.o
                0x0000000008006c4c                RTC_Alarm_IRQHandler
                0x0000000008006c4c                HASH_RNG_IRQHandler
                0x0000000008006c4c                EXTI2_IRQHandler
                0x0000000008006c4c                TIM8_CC_IRQHandler
                0x0000000008006c4c                TIM1_CC_IRQHandler
                0x0000000008006c4c                DMA2_Stream5_IRQHandler
                0x0000000008006c4c                DMA1_Stream5_IRQHandler
                0x0000000008006c4c                PVD_IRQHandler
                0x0000000008006c4c                SDIO_IRQHandler
                0x0000000008006c4c                TAMP_STAMP_IRQHandler
                0x0000000008006c4c                CAN2_RX1_IRQHandler
                0x0000000008006c4c                EXTI3_IRQHandler
                0x0000000008006c4c                TIM1_UP_TIM10_IRQHandler
                0x0000000008006c4c                TIM8_UP_TIM13_IRQHandler
                0x0000000008006c4c                I2C3_ER_IRQHandler
                0x0000000008006c4c                EXTI0_IRQHandler
                0x0000000008006c4c                I2C2_EV_IRQHandler
                0x0000000008006c4c                DMA1_Stream2_IRQHandler
                0x0000000008006c4c                FPU_IRQHandler
                0x0000000008006c4c                OTG_HS_WKUP_IRQHandler
                0x0000000008006c4c                CAN2_SCE_IRQHandler
                0x0000000008006c4c                DMA2_Stream2_IRQHandler
                0x0000000008006c4c                SPI1_IRQHandler
                0x0000000008006c4c                TIM6_DAC_IRQHandler
                0x0000000008006c4c                TIM1_BRK_TIM9_IRQHandler
                0x0000000008006c4c                DCMI_IRQHandler
                0x0000000008006c4c                CAN2_RX0_IRQHandler
                0x0000000008006c4c                DMA2_Stream3_IRQHandler
                0x0000000008006c4c                USART6_IRQHandler
                0x0000000008006c4c                USART3_IRQHandler
                0x0000000008006c4c                UART5_IRQHandler
                0x0000000008006c4c                DMA2_Stream0_IRQHandler
                0x0000000008006c4c                TIM4_IRQHandler
                0x0000000008006c4c                I2C1_EV_IRQHandler
                0x0000000008006c4c                DMA1_Stream6_IRQHandler
                0x0000000008006c4c                DMA1_Stream1_IRQHandler
                0x0000000008006c4c                UART4_IRQHandler
                0x0000000008006c4c                TIM3_IRQHandler
                0x0000000008006c4c                RCC_IRQHandler
                0x0000000008006c4c                TIM8_BRK_TIM12_IRQHandler
                0x0000000008006c4c                Default_Handler
                0x0000000008006c4c                EXTI15_10_IRQHandler
                0x0000000008006c4c                ADC_IRQHandler
                0x0000000008006c4c                DMA1_Stream7_IRQHandler
                0x0000000008006c4c                TIM7_IRQHandler
                0x0000000008006c4c                CAN2_TX_IRQHandler
                0x0000000008006c4c                TIM5_IRQHandler
                0x0000000008006c4c                DMA2_Stream7_IRQHandler
                0x0000000008006c4c                I2C3_EV_IRQHandler
                0x0000000008006c4c                EXTI9_5_IRQHandler
                0x0000000008006c4c                RTC_WKUP_IRQHandler
                0x0000000008006c4c                ETH_WKUP_IRQHandler
                0x0000000008006c4c                SPI2_IRQHandler
                0x0000000008006c4c                OTG_HS_EP1_IN_IRQHandler
                0x0000000008006c4c                DMA1_Stream0_IRQHandler
                0x0000000008006c4c                EXTI4_IRQHandler
                0x0000000008006c4c                FSMC_IRQHandler
                0x0000000008006c4c                ETH_IRQHandler
                0x0000000008006c4c                OTG_HS_EP1_OUT_IRQHandler
                0x0000000008006c4c                WWDG_IRQHandler
                0x0000000008006c4c                TIM2_IRQHandler
                0x0000000008006c4c                OTG_FS_WKUP_IRQHandler
                0x0000000008006c4c                TIM1_TRG_COM_TIM11_IRQHandler
                0x0000000008006c4c                OTG_HS_IRQHandler
                0x0000000008006c4c                EXTI1_IRQHandler
                0x0000000008006c4c                USART2_IRQHandler
                0x0000000008006c4c                I2C2_ER_IRQHandler
                0x0000000008006c4c                DMA2_Stream1_IRQHandler
                0x0000000008006c4c                FLASH_IRQHandler
                0x0000000008006c4c                DMA2_Stream4_IRQHandler
                0x0000000008006c4c                USART1_IRQHandler
                0x0000000008006c4c                OTG_FS_IRQHandler
                0x0000000008006c4c                SPI3_IRQHandler
                0x0000000008006c4c                DMA1_Stream4_IRQHandler
                0x0000000008006c4c                I2C1_ER_IRQHandler
                0x0000000008006c4c                DMA2_Stream6_IRQHandler
                0x0000000008006c4c                DMA1_Stream3_IRQHandler
 *fill*         0x0000000008006c4e        0x2 
 .text.HAL_Init
                0x0000000008006c50       0x44 ./Drivers/STM32F4xx_HAL_Driver/Src/stm32f4xx_hal.o
                0x0000000008006c50                HAL_Init
 .text.HAL_InitTick
                0x0000000008006c94       0x60 ./Drivers/STM32F4xx_HAL_Driver/Src/stm32f4xx_hal.o
                0x0000000008006c94                HAL_InitTick
 .text.HAL_IncTick
                0x0000000008006cf4       0x28 ./Drivers/STM32F4xx_HAL_Driver/Src/stm32f4xx_hal.o
                0x0000000008006cf4                HAL_IncTick
 .text.HAL_GetTick
                0x0000000008006d1c       0x18 ./Drivers/STM32F4xx_HAL_Driver/Src/stm32f4xx_hal.o
                0x0000000008006d1c                HAL_GetTick
 .text.HAL_Delay
                0x0000000008006d34       0x48 ./Drivers/STM32F4xx_HAL_Driver/Src/stm32f4xx_hal.o
                0x0000000008006d34                HAL_Delay
 .text.HAL_CAN_Init
                0x0000000008006d7c      0x1f6 ./Drivers/STM32F4xx_HAL_Driver/Src/stm32f4xx_hal_can.o
                0x0000000008006d7c                HAL_CAN_Init
 *fill*         0x0000000008006f72        0x2 
 .text.HAL_CAN_ConfigFilter
                0x0000000008006f74      0x1c0 ./Drivers/STM32F4xx_HAL_Driver/Src/stm32f4xx_hal_can.o
                0x0000000008006f74                HAL_CAN_ConfigFilter
 .text.HAL_CAN_Start
                0x0000000008007134       0x88 ./Drivers/STM32F4xx_HAL_Driver/Src/stm32f4xx_hal_can.o
                0x0000000008007134                HAL_CAN_Start
 .text.HAL_CAN_Stop
                0x00000000080071bc       0x92 ./Drivers/STM32F4xx_HAL_Driver/Src/stm32f4xx_hal_can.o
                0x00000000080071bc                HAL_CAN_Stop
 .text.HAL_CAN_AddTxMessage
                0x000000000800724e      0x1b6 ./Drivers/STM32F4xx_HAL_Driver/Src/stm32f4xx_hal_can.o
                0x000000000800724e                HAL_CAN_AddTxMessage
 .text.HAL_CAN_GetTxMailboxesFreeLevel
                0x0000000008007404       0x6a ./Drivers/STM32F4xx_HAL_Driver/Src/stm32f4xx_hal_can.o
                0x0000000008007404                HAL_CAN_GetTxMailboxesFreeLevel
 .text.HAL_CAN_GetRxMessage
                0x000000000800746e      0x224 ./Drivers/STM32F4xx_HAL_Driver/Src/stm32f4xx_hal_can.o
                0x000000000800746e                HAL_CAN_GetRxMessage
 .text.HAL_CAN_ActivateNotification
                0x0000000008007692       0x4c ./Drivers/STM32F4xx_HAL_Driver/Src/stm32f4xx_hal_can.o
                0x0000000008007692                HAL_CAN_ActivateNotification
 .text.HAL_CAN_IRQHandler
                0x00000000080076de      0x36e ./Drivers/STM32F4xx_HAL_Driver/Src/stm32f4xx_hal_can.o
                0x00000000080076de                HAL_CAN_IRQHandler
 .text.HAL_CAN_TxMailbox0AbortCallback
                0x0000000008007a4c       0x14 ./Drivers/STM32F4xx_HAL_Driver/Src/stm32f4xx_hal_can.o
                0x0000000008007a4c                HAL_CAN_TxMailbox0AbortCallback
 .text.HAL_CAN_TxMailbox1AbortCallback
                0x0000000008007a60       0x14 ./Drivers/STM32F4xx_HAL_Driver/Src/stm32f4xx_hal_can.o
                0x0000000008007a60                HAL_CAN_TxMailbox1AbortCallback
 .text.HAL_CAN_TxMailbox2AbortCallback
                0x0000000008007a74       0x14 ./Drivers/STM32F4xx_HAL_Driver/Src/stm32f4xx_hal_can.o
                0x0000000008007a74                HAL_CAN_TxMailbox2AbortCallback
 .text.HAL_CAN_RxFifo0FullCallback
                0x0000000008007a88       0x14 ./Drivers/STM32F4xx_HAL_Driver/Src/stm32f4xx_hal_can.o
                0x0000000008007a88                HAL_CAN_RxFifo0FullCallback
 .text.HAL_CAN_RxFifo1FullCallback
                0x0000000008007a9c       0x14 ./Drivers/STM32F4xx_HAL_Driver/Src/stm32f4xx_hal_can.o
                0x0000000008007a9c                HAL_CAN_RxFifo1FullCallback
 .text.HAL_CAN_SleepCallback
                0x0000000008007ab0       0x14 ./Drivers/STM32F4xx_HAL_Driver/Src/stm32f4xx_hal_can.o
                0x0000000008007ab0                HAL_CAN_SleepCallback
 .text.HAL_CAN_WakeUpFromRxMsgCallback
                0x0000000008007ac4       0x14 ./Drivers/STM32F4xx_HAL_Driver/Src/stm32f4xx_hal_can.o
                0x0000000008007ac4                HAL_CAN_WakeUpFromRxMsgCallback
 .text.HAL_CAN_ErrorCallback
                0x0000000008007ad8       0x14 ./Drivers/STM32F4xx_HAL_Driver/Src/stm32f4xx_hal_can.o
                0x0000000008007ad8                HAL_CAN_ErrorCallback
 .text.__NVIC_SetPriorityGrouping
                0x0000000008007aec       0x48 ./Drivers/STM32F4xx_HAL_Driver/Src/stm32f4xx_hal_cortex.o
 .text.__NVIC_GetPriorityGrouping
                0x0000000008007b34       0x1c ./Drivers/STM32F4xx_HAL_Driver/Src/stm32f4xx_hal_cortex.o
 .text.__NVIC_EnableIRQ
                0x0000000008007b50       0x3c ./Drivers/STM32F4xx_HAL_Driver/Src/stm32f4xx_hal_cortex.o
 .text.__NVIC_SetPriority
                0x0000000008007b8c       0x54 ./Drivers/STM32F4xx_HAL_Driver/Src/stm32f4xx_hal_cortex.o
 .text.NVIC_EncodePriority
                0x0000000008007be0       0x66 ./Drivers/STM32F4xx_HAL_Driver/Src/stm32f4xx_hal_cortex.o
 *fill*         0x0000000008007c46        0x2 
 .text.__NVIC_SystemReset
                0x0000000008007c48       0x2c ./Drivers/STM32F4xx_HAL_Driver/Src/stm32f4xx_hal_cortex.o
 .text.SysTick_Config
                0x0000000008007c74       0x44 ./Drivers/STM32F4xx_HAL_Driver/Src/stm32f4xx_hal_cortex.o
 .text.HAL_NVIC_SetPriorityGrouping
                0x0000000008007cb8       0x16 ./Drivers/STM32F4xx_HAL_Driver/Src/stm32f4xx_hal_cortex.o
                0x0000000008007cb8                HAL_NVIC_SetPriorityGrouping
 .text.HAL_NVIC_SetPriority
                0x0000000008007cce       0x38 ./Drivers/STM32F4xx_HAL_Driver/Src/stm32f4xx_hal_cortex.o
                0x0000000008007cce                HAL_NVIC_SetPriority
 .text.HAL_NVIC_EnableIRQ
                0x0000000008007d06       0x1c ./Drivers/STM32F4xx_HAL_Driver/Src/stm32f4xx_hal_cortex.o
                0x0000000008007d06                HAL_NVIC_EnableIRQ
 .text.HAL_NVIC_SystemReset
                0x0000000008007d22        0x8 ./Drivers/STM32F4xx_HAL_Driver/Src/stm32f4xx_hal_cortex.o
                0x0000000008007d22                HAL_NVIC_SystemReset
 .text.HAL_SYSTICK_Config
                0x0000000008007d2a       0x18 ./Drivers/STM32F4xx_HAL_Driver/Src/stm32f4xx_hal_cortex.o
                0x0000000008007d2a                HAL_SYSTICK_Config
 *fill*         0x0000000008007d42        0x2 
 .text.HAL_GPIO_Init
                0x0000000008007d44      0x338 ./Drivers/STM32F4xx_HAL_Driver/Src/stm32f4xx_hal_gpio.o
                0x0000000008007d44                HAL_GPIO_Init
 .text.HAL_GPIO_WritePin
                0x000000000800807c       0x32 ./Drivers/STM32F4xx_HAL_Driver/Src/stm32f4xx_hal_gpio.o
                0x000000000800807c                HAL_GPIO_WritePin
 *fill*         0x00000000080080ae        0x2 
 .text.HAL_RCC_OscConfig
                0x00000000080080b0      0x4f0 ./Drivers/STM32F4xx_HAL_Driver/Src/stm32f4xx_hal_rcc.o
                0x00000000080080b0                HAL_RCC_OscConfig
 .text.HAL_RCC_ClockConfig
                0x00000000080085a0      0x1cc ./Drivers/STM32F4xx_HAL_Driver/Src/stm32f4xx_hal_rcc.o
                0x00000000080085a0                HAL_RCC_ClockConfig
 .text.HAL_RCC_GetSysClockFreq
                0x000000000800876c      0x20c ./Drivers/STM32F4xx_HAL_Driver/Src/stm32f4xx_hal_rcc.o
                0x000000000800876c                HAL_RCC_GetSysClockFreq
 .text.HAL_RCC_GetHCLKFreq
                0x0000000008008978       0x18 ./Drivers/STM32F4xx_HAL_Driver/Src/stm32f4xx_hal_rcc.o
                0x0000000008008978                HAL_RCC_GetHCLKFreq
 .text.HAL_RCC_GetPCLK1Freq
                0x0000000008008990       0x28 ./Drivers/STM32F4xx_HAL_Driver/Src/stm32f4xx_hal_rcc.o
                0x0000000008008990                HAL_RCC_GetPCLK1Freq
 .text.HAL_RCC_GetPCLK2Freq
                0x00000000080089b8       0x28 ./Drivers/STM32F4xx_HAL_Driver/Src/stm32f4xx_hal_rcc.o
                0x00000000080089b8                HAL_RCC_GetPCLK2Freq
 .text.HAL_TIM_Base_Init
                0x00000000080089e0       0x9e ./Drivers/STM32F4xx_HAL_Driver/Src/stm32f4xx_hal_tim.o
                0x00000000080089e0                HAL_TIM_Base_Init
 *fill*         0x0000000008008a7e        0x2 
 .text.HAL_TIM_Base_Start_IT
                0x0000000008008a80       0xe0 ./Drivers/STM32F4xx_HAL_Driver/Src/stm32f4xx_hal_tim.o
                0x0000000008008a80                HAL_TIM_Base_Start_IT
 .text.HAL_TIM_Base_Stop_IT
                0x0000000008008b60       0x5e ./Drivers/STM32F4xx_HAL_Driver/Src/stm32f4xx_hal_tim.o
                0x0000000008008b60                HAL_TIM_Base_Stop_IT
 .text.HAL_TIM_IRQHandler
                0x0000000008008bbe      0x210 ./Drivers/STM32F4xx_HAL_Driver/Src/stm32f4xx_hal_tim.o
                0x0000000008008bbe                HAL_TIM_IRQHandler
 .text.HAL_TIM_OC_DelayElapsedCallback
                0x0000000008008dce       0x14 ./Drivers/STM32F4xx_HAL_Driver/Src/stm32f4xx_hal_tim.o
                0x0000000008008dce                HAL_TIM_OC_DelayElapsedCallback
 .text.HAL_TIM_IC_CaptureCallback
                0x0000000008008de2       0x14 ./Drivers/STM32F4xx_HAL_Driver/Src/stm32f4xx_hal_tim.o
                0x0000000008008de2                HAL_TIM_IC_CaptureCallback
 .text.HAL_TIM_PWM_PulseFinishedCallback
                0x0000000008008df6       0x14 ./Drivers/STM32F4xx_HAL_Driver/Src/stm32f4xx_hal_tim.o
                0x0000000008008df6                HAL_TIM_PWM_PulseFinishedCallback
 .text.HAL_TIM_TriggerCallback
                0x0000000008008e0a       0x14 ./Drivers/STM32F4xx_HAL_Driver/Src/stm32f4xx_hal_tim.o
                0x0000000008008e0a                HAL_TIM_TriggerCallback
 *fill*         0x0000000008008e1e        0x2 
 .text.TIM_Base_SetConfig
                0x0000000008008e20      0x140 ./Drivers/STM32F4xx_HAL_Driver/Src/stm32f4xx_hal_tim.o
                0x0000000008008e20                TIM_Base_SetConfig
 .text.HAL_TIMEx_CommutCallback
                0x0000000008008f60       0x14 ./Drivers/STM32F4xx_HAL_Driver/Src/stm32f4xx_hal_tim_ex.o
                0x0000000008008f60                HAL_TIMEx_CommutCallback
 .text.HAL_TIMEx_BreakCallback
                0x0000000008008f74       0x14 ./Drivers/STM32F4xx_HAL_Driver/Src/stm32f4xx_hal_tim_ex.o
                0x0000000008008f74                HAL_TIMEx_BreakCallback
 .text.HAL_UART_Init
                0x0000000008008f88       0x9a ./Drivers/STM32F4xx_HAL_Driver/Src/stm32f4xx_hal_uart.o
                0x0000000008008f88                HAL_UART_Init
 .text.HAL_UART_Transmit
                0x0000000008009022      0x124 ./Drivers/STM32F4xx_HAL_Driver/Src/stm32f4xx_hal_uart.o
                0x0000000008009022                HAL_UART_Transmit
 .text.UART_WaitOnFlagUntilTimeout
                0x0000000008009146       0xdc ./Drivers/STM32F4xx_HAL_Driver/Src/stm32f4xx_hal_uart.o
 *fill*         0x0000000008009222        0x2 
 .text.UART_SetConfig
                0x0000000008009224      0x4e8 ./Drivers/STM32F4xx_HAL_Driver/Src/stm32f4xx_hal_uart.o
 .text.calloc   0x000000000800970c       0x10 c:/st/stm32cubeide_1.10.1/stm32cubeide/plugins/com.st.stm32cube.ide.mcu.externaltools.gnu-tools-for-stm32.10.3-2021.10.win32_1.0.200.202301161003/tools/bin/../lib/gcc/arm-none-eabi/10.3.1/../../../../arm-none-eabi/lib/thumb/v7e-m+fp/hard\libc_nano.a(lib_a-calloc.o)
                0x000000000800970c                calloc
 .text.__errno  0x000000000800971c        0xc c:/st/stm32cubeide_1.10.1/stm32cubeide/plugins/com.st.stm32cube.ide.mcu.externaltools.gnu-tools-for-stm32.10.3-2021.10.win32_1.0.200.202301161003/tools/bin/../lib/gcc/arm-none-eabi/10.3.1/../../../../arm-none-eabi/lib/thumb/v7e-m+fp/hard\libc_nano.a(lib_a-errno.o)
                0x000000000800971c                __errno
 .text.__sflush_r
                0x0000000008009728      0x10c c:/st/stm32cubeide_1.10.1/stm32cubeide/plugins/com.st.stm32cube.ide.mcu.externaltools.gnu-tools-for-stm32.10.3-2021.10.win32_1.0.200.202301161003/tools/bin/../lib/gcc/arm-none-eabi/10.3.1/../../../../arm-none-eabi/lib/thumb/v7e-m+fp/hard\libc_nano.a(lib_a-fflush.o)
                0x0000000008009728                __sflush_r
 .text._fflush_r
                0x0000000008009834       0x78 c:/st/stm32cubeide_1.10.1/stm32cubeide/plugins/com.st.stm32cube.ide.mcu.externaltools.gnu-tools-for-stm32.10.3-2021.10.win32_1.0.200.202301161003/tools/bin/../lib/gcc/arm-none-eabi/10.3.1/../../../../arm-none-eabi/lib/thumb/v7e-m+fp/hard\libc_nano.a(lib_a-fflush.o)
                0x0000000008009834                _fflush_r
 .text.fflush   0x00000000080098ac       0x24 c:/st/stm32cubeide_1.10.1/stm32cubeide/plugins/com.st.stm32cube.ide.mcu.externaltools.gnu-tools-for-stm32.10.3-2021.10.win32_1.0.200.202301161003/tools/bin/../lib/gcc/arm-none-eabi/10.3.1/../../../../arm-none-eabi/lib/thumb/v7e-m+fp/hard\libc_nano.a(lib_a-fflush.o)
                0x00000000080098ac                fflush
 .text.std      0x00000000080098d0       0x48 c:/st/stm32cubeide_1.10.1/stm32cubeide/plugins/com.st.stm32cube.ide.mcu.externaltools.gnu-tools-for-stm32.10.3-2021.10.win32_1.0.200.202301161003/tools/bin/../lib/gcc/arm-none-eabi/10.3.1/../../../../arm-none-eabi/lib/thumb/v7e-m+fp/hard\libc_nano.a(lib_a-findfp.o)
 .text._cleanup_r
                0x0000000008009918        0xc c:/st/stm32cubeide_1.10.1/stm32cubeide/plugins/com.st.stm32cube.ide.mcu.externaltools.gnu-tools-for-stm32.10.3-2021.10.win32_1.0.200.202301161003/tools/bin/../lib/gcc/arm-none-eabi/10.3.1/../../../../arm-none-eabi/lib/thumb/v7e-m+fp/hard\libc_nano.a(lib_a-findfp.o)
                0x0000000008009918                _cleanup_r
 .text.__sfmoreglue
                0x0000000008009924       0x2c c:/st/stm32cubeide_1.10.1/stm32cubeide/plugins/com.st.stm32cube.ide.mcu.externaltools.gnu-tools-for-stm32.10.3-2021.10.win32_1.0.200.202301161003/tools/bin/../lib/gcc/arm-none-eabi/10.3.1/../../../../arm-none-eabi/lib/thumb/v7e-m+fp/hard\libc_nano.a(lib_a-findfp.o)
                0x0000000008009924                __sfmoreglue
 .text.__sfp_lock_acquire
                0x0000000008009950        0xc c:/st/stm32cubeide_1.10.1/stm32cubeide/plugins/com.st.stm32cube.ide.mcu.externaltools.gnu-tools-for-stm32.10.3-2021.10.win32_1.0.200.202301161003/tools/bin/../lib/gcc/arm-none-eabi/10.3.1/../../../../arm-none-eabi/lib/thumb/v7e-m+fp/hard\libc_nano.a(lib_a-findfp.o)
                0x0000000008009950                __sfp_lock_acquire
 .text.__sfp_lock_release
                0x000000000800995c        0xc c:/st/stm32cubeide_1.10.1/stm32cubeide/plugins/com.st.stm32cube.ide.mcu.externaltools.gnu-tools-for-stm32.10.3-2021.10.win32_1.0.200.202301161003/tools/bin/../lib/gcc/arm-none-eabi/10.3.1/../../../../arm-none-eabi/lib/thumb/v7e-m+fp/hard\libc_nano.a(lib_a-findfp.o)
                0x000000000800995c                __sfp_lock_release
 .text.__sinit_lock_acquire
                0x0000000008009968        0xc c:/st/stm32cubeide_1.10.1/stm32cubeide/plugins/com.st.stm32cube.ide.mcu.externaltools.gnu-tools-for-stm32.10.3-2021.10.win32_1.0.200.202301161003/tools/bin/../lib/gcc/arm-none-eabi/10.3.1/../../../../arm-none-eabi/lib/thumb/v7e-m+fp/hard\libc_nano.a(lib_a-findfp.o)
                0x0000000008009968                __sinit_lock_acquire
 .text.__sinit_lock_release
                0x0000000008009974        0xc c:/st/stm32cubeide_1.10.1/stm32cubeide/plugins/com.st.stm32cube.ide.mcu.externaltools.gnu-tools-for-stm32.10.3-2021.10.win32_1.0.200.202301161003/tools/bin/../lib/gcc/arm-none-eabi/10.3.1/../../../../arm-none-eabi/lib/thumb/v7e-m+fp/hard\libc_nano.a(lib_a-findfp.o)
                0x0000000008009974                __sinit_lock_release
 .text.__sinit  0x0000000008009980       0x70 c:/st/stm32cubeide_1.10.1/stm32cubeide/plugins/com.st.stm32cube.ide.mcu.externaltools.gnu-tools-for-stm32.10.3-2021.10.win32_1.0.200.202301161003/tools/bin/../lib/gcc/arm-none-eabi/10.3.1/../../../../arm-none-eabi/lib/thumb/v7e-m+fp/hard\libc_nano.a(lib_a-findfp.o)
                0x0000000008009980                __sinit
 .text.__sfp    0x00000000080099f0       0x8c c:/st/stm32cubeide_1.10.1/stm32cubeide/plugins/com.st.stm32cube.ide.mcu.externaltools.gnu-tools-for-stm32.10.3-2021.10.win32_1.0.200.202301161003/tools/bin/../lib/gcc/arm-none-eabi/10.3.1/../../../../arm-none-eabi/lib/thumb/v7e-m+fp/hard\libc_nano.a(lib_a-findfp.o)
                0x00000000080099f0                __sfp
 .text._fwalk_reent
                0x0000000008009a7c       0x3e c:/st/stm32cubeide_1.10.1/stm32cubeide/plugins/com.st.stm32cube.ide.mcu.externaltools.gnu-tools-for-stm32.10.3-2021.10.win32_1.0.200.202301161003/tools/bin/../lib/gcc/arm-none-eabi/10.3.1/../../../../arm-none-eabi/lib/thumb/v7e-m+fp/hard\libc_nano.a(lib_a-fwalk.o)
                0x0000000008009a7c                _fwalk_reent
 *fill*         0x0000000008009aba        0x2 
 .text.__libc_init_array
                0x0000000008009abc       0x48 c:/st/stm32cubeide_1.10.1/stm32cubeide/plugins/com.st.stm32cube.ide.mcu.externaltools.gnu-tools-for-stm32.10.3-2021.10.win32_1.0.200.202301161003/tools/bin/../lib/gcc/arm-none-eabi/10.3.1/../../../../arm-none-eabi/lib/thumb/v7e-m+fp/hard\libc_nano.a(lib_a-init.o)
                0x0000000008009abc                __libc_init_array
 .text.__retarget_lock_init_recursive
                0x0000000008009b04        0x2 c:/st/stm32cubeide_1.10.1/stm32cubeide/plugins/com.st.stm32cube.ide.mcu.externaltools.gnu-tools-for-stm32.10.3-2021.10.win32_1.0.200.202301161003/tools/bin/../lib/gcc/arm-none-eabi/10.3.1/../../../../arm-none-eabi/lib/thumb/v7e-m+fp/hard\libc_nano.a(lib_a-lock.o)
                0x0000000008009b04                __retarget_lock_init_recursive
 .text.__retarget_lock_acquire_recursive
                0x0000000008009b06        0x2 c:/st/stm32cubeide_1.10.1/stm32cubeide/plugins/com.st.stm32cube.ide.mcu.externaltools.gnu-tools-for-stm32.10.3-2021.10.win32_1.0.200.202301161003/tools/bin/../lib/gcc/arm-none-eabi/10.3.1/../../../../arm-none-eabi/lib/thumb/v7e-m+fp/hard\libc_nano.a(lib_a-lock.o)
                0x0000000008009b06                __retarget_lock_acquire_recursive
 .text.__retarget_lock_release_recursive
                0x0000000008009b08        0x2 c:/st/stm32cubeide_1.10.1/stm32cubeide/plugins/com.st.stm32cube.ide.mcu.externaltools.gnu-tools-for-stm32.10.3-2021.10.win32_1.0.200.202301161003/tools/bin/../lib/gcc/arm-none-eabi/10.3.1/../../../../arm-none-eabi/lib/thumb/v7e-m+fp/hard\libc_nano.a(lib_a-lock.o)
                0x0000000008009b08                __retarget_lock_release_recursive
 *fill*         0x0000000008009b0a        0x2 
 .text.free     0x0000000008009b0c       0x10 c:/st/stm32cubeide_1.10.1/stm32cubeide/plugins/com.st.stm32cube.ide.mcu.externaltools.gnu-tools-for-stm32.10.3-2021.10.win32_1.0.200.202301161003/tools/bin/../lib/gcc/arm-none-eabi/10.3.1/../../../../arm-none-eabi/lib/thumb/v7e-m+fp/hard\libc_nano.a(lib_a-malloc.o)
                0x0000000008009b0c                free
 .text.memcpy   0x0000000008009b1c       0x1c c:/st/stm32cubeide_1.10.1/stm32cubeide/plugins/com.st.stm32cube.ide.mcu.externaltools.gnu-tools-for-stm32.10.3-2021.10.win32_1.0.200.202301161003/tools/bin/../lib/gcc/arm-none-eabi/10.3.1/../../../../arm-none-eabi/lib/thumb/v7e-m+fp/hard\libc_nano.a(lib_a-memcpy-stub.o)
                0x0000000008009b1c                memcpy
 .text.memmove  0x0000000008009b38       0x34 c:/st/stm32cubeide_1.10.1/stm32cubeide/plugins/com.st.stm32cube.ide.mcu.externaltools.gnu-tools-for-stm32.10.3-2021.10.win32_1.0.200.202301161003/tools/bin/../lib/gcc/arm-none-eabi/10.3.1/../../../../arm-none-eabi/lib/thumb/v7e-m+fp/hard\libc_nano.a(lib_a-memmove.o)
                0x0000000008009b38                memmove
 .text.memset   0x0000000008009b6c       0x10 c:/st/stm32cubeide_1.10.1/stm32cubeide/plugins/com.st.stm32cube.ide.mcu.externaltools.gnu-tools-for-stm32.10.3-2021.10.win32_1.0.200.202301161003/tools/bin/../lib/gcc/arm-none-eabi/10.3.1/../../../../arm-none-eabi/lib/thumb/v7e-m+fp/hard\libc_nano.a(lib_a-memset.o)
                0x0000000008009b6c                memset
 .text._calloc_r
                0x0000000008009b7c       0x2c c:/st/stm32cubeide_1.10.1/stm32cubeide/plugins/com.st.stm32cube.ide.mcu.externaltools.gnu-tools-for-stm32.10.3-2021.10.win32_1.0.200.202301161003/tools/bin/../lib/gcc/arm-none-eabi/10.3.1/../../../../arm-none-eabi/lib/thumb/v7e-m+fp/hard\libc_nano.a(lib_a-nano-callocr.o)
                0x0000000008009b7c                _calloc_r
 .text._free_r  0x0000000008009ba8       0x98 c:/st/stm32cubeide_1.10.1/stm32cubeide/plugins/com.st.stm32cube.ide.mcu.externaltools.gnu-tools-for-stm32.10.3-2021.10.win32_1.0.200.202301161003/tools/bin/../lib/gcc/arm-none-eabi/10.3.1/../../../../arm-none-eabi/lib/thumb/v7e-m+fp/hard\libc_nano.a(lib_a-nano-freer.o)
                0x0000000008009ba8                _free_r
 .text.sbrk_aligned
                0x0000000008009c40       0x40 c:/st/stm32cubeide_1.10.1/stm32cubeide/plugins/com.st.stm32cube.ide.mcu.externaltools.gnu-tools-for-stm32.10.3-2021.10.win32_1.0.200.202301161003/tools/bin/../lib/gcc/arm-none-eabi/10.3.1/../../../../arm-none-eabi/lib/thumb/v7e-m+fp/hard\libc_nano.a(lib_a-nano-mallocr.o)
 .text._malloc_r
                0x0000000008009c80       0xe8 c:/st/stm32cubeide_1.10.1/stm32cubeide/plugins/com.st.stm32cube.ide.mcu.externaltools.gnu-tools-for-stm32.10.3-2021.10.win32_1.0.200.202301161003/tools/bin/../lib/gcc/arm-none-eabi/10.3.1/../../../../arm-none-eabi/lib/thumb/v7e-m+fp/hard\libc_nano.a(lib_a-nano-mallocr.o)
                0x0000000008009c80                _malloc_r
 .text.printf   0x0000000008009d68       0x30 c:/st/stm32cubeide_1.10.1/stm32cubeide/plugins/com.st.stm32cube.ide.mcu.externaltools.gnu-tools-for-stm32.10.3-2021.10.win32_1.0.200.202301161003/tools/bin/../lib/gcc/arm-none-eabi/10.3.1/../../../../arm-none-eabi/lib/thumb/v7e-m+fp/hard\libc_nano.a(lib_a-printf.o)
                0x0000000008009d68                iprintf
                0x0000000008009d68                printf
 .text._puts_r  0x0000000008009d98       0xdc c:/st/stm32cubeide_1.10.1/stm32cubeide/plugins/com.st.stm32cube.ide.mcu.externaltools.gnu-tools-for-stm32.10.3-2021.10.win32_1.0.200.202301161003/tools/bin/../lib/gcc/arm-none-eabi/10.3.1/../../../../arm-none-eabi/lib/thumb/v7e-m+fp/hard\libc_nano.a(lib_a-puts.o)
                0x0000000008009d98                _puts_r
 .text.puts     0x0000000008009e74       0x10 c:/st/stm32cubeide_1.10.1/stm32cubeide/plugins/com.st.stm32cube.ide.mcu.externaltools.gnu-tools-for-stm32.10.3-2021.10.win32_1.0.200.202301161003/tools/bin/../lib/gcc/arm-none-eabi/10.3.1/../../../../arm-none-eabi/lib/thumb/v7e-m+fp/hard\libc_nano.a(lib_a-puts.o)
                0x0000000008009e74                puts
 .text._sbrk_r  0x0000000008009e84       0x20 c:/st/stm32cubeide_1.10.1/stm32cubeide/plugins/com.st.stm32cube.ide.mcu.externaltools.gnu-tools-for-stm32.10.3-2021.10.win32_1.0.200.202301161003/tools/bin/../lib/gcc/arm-none-eabi/10.3.1/../../../../arm-none-eabi/lib/thumb/v7e-m+fp/hard\libc_nano.a(lib_a-sbrkr.o)
                0x0000000008009e84                _sbrk_r
 .text.__sread  0x0000000008009ea4       0x22 c:/st/stm32cubeide_1.10.1/stm32cubeide/plugins/com.st.stm32cube.ide.mcu.externaltools.gnu-tools-for-stm32.10.3-2021.10.win32_1.0.200.202301161003/tools/bin/../lib/gcc/arm-none-eabi/10.3.1/../../../../arm-none-eabi/lib/thumb/v7e-m+fp/hard\libc_nano.a(lib_a-stdio.o)
                0x0000000008009ea4                __sread
 .text.__swrite
                0x0000000008009ec6       0x38 c:/st/stm32cubeide_1.10.1/stm32cubeide/plugins/com.st.stm32cube.ide.mcu.externaltools.gnu-tools-for-stm32.10.3-2021.10.win32_1.0.200.202301161003/tools/bin/../lib/gcc/arm-none-eabi/10.3.1/../../../../arm-none-eabi/lib/thumb/v7e-m+fp/hard\libc_nano.a(lib_a-stdio.o)
                0x0000000008009ec6                __swrite
 .text.__sseek  0x0000000008009efe       0x24 c:/st/stm32cubeide_1.10.1/stm32cubeide/plugins/com.st.stm32cube.ide.mcu.externaltools.gnu-tools-for-stm32.10.3-2021.10.win32_1.0.200.202301161003/tools/bin/../lib/gcc/arm-none-eabi/10.3.1/../../../../arm-none-eabi/lib/thumb/v7e-m+fp/hard\libc_nano.a(lib_a-stdio.o)
                0x0000000008009efe                __sseek
 .text.__sclose
                0x0000000008009f22        0x8 c:/st/stm32cubeide_1.10.1/stm32cubeide/plugins/com.st.stm32cube.ide.mcu.externaltools.gnu-tools-for-stm32.10.3-2021.10.win32_1.0.200.202301161003/tools/bin/../lib/gcc/arm-none-eabi/10.3.1/../../../../arm-none-eabi/lib/thumb/v7e-m+fp/hard\libc_nano.a(lib_a-stdio.o)
                0x0000000008009f22                __sclose
 *fill*         0x0000000008009f2a        0x2 
 .text.__swbuf_r
                0x0000000008009f2c       0xa4 c:/st/stm32cubeide_1.10.1/stm32cubeide/plugins/com.st.stm32cube.ide.mcu.externaltools.gnu-tools-for-stm32.10.3-2021.10.win32_1.0.200.202301161003/tools/bin/../lib/gcc/arm-none-eabi/10.3.1/../../../../arm-none-eabi/lib/thumb/v7e-m+fp/hard\libc_nano.a(lib_a-wbuf.o)
                0x0000000008009f2c                __swbuf_r
 .text._write_r
                0x0000000008009fd0       0x24 c:/st/stm32cubeide_1.10.1/stm32cubeide/plugins/com.st.stm32cube.ide.mcu.externaltools.gnu-tools-for-stm32.10.3-2021.10.win32_1.0.200.202301161003/tools/bin/../lib/gcc/arm-none-eabi/10.3.1/../../../../arm-none-eabi/lib/thumb/v7e-m+fp/hard\libc_nano.a(lib_a-writer.o)
                0x0000000008009fd0                _write_r
 .text.__swsetup_r
                0x0000000008009ff4       0xdc c:/st/stm32cubeide_1.10.1/stm32cubeide/plugins/com.st.stm32cube.ide.mcu.externaltools.gnu-tools-for-stm32.10.3-2021.10.win32_1.0.200.202301161003/tools/bin/../lib/gcc/arm-none-eabi/10.3.1/../../../../arm-none-eabi/lib/thumb/v7e-m+fp/hard\libc_nano.a(lib_a-wsetup.o)
                0x0000000008009ff4                __swsetup_r
 .text._close_r
                0x000000000800a0d0       0x20 c:/st/stm32cubeide_1.10.1/stm32cubeide/plugins/com.st.stm32cube.ide.mcu.externaltools.gnu-tools-for-stm32.10.3-2021.10.win32_1.0.200.202301161003/tools/bin/../lib/gcc/arm-none-eabi/10.3.1/../../../../arm-none-eabi/lib/thumb/v7e-m+fp/hard\libc_nano.a(lib_a-closer.o)
                0x000000000800a0d0                _close_r
 .text._lseek_r
                0x000000000800a0f0       0x24 c:/st/stm32cubeide_1.10.1/stm32cubeide/plugins/com.st.stm32cube.ide.mcu.externaltools.gnu-tools-for-stm32.10.3-2021.10.win32_1.0.200.202301161003/tools/bin/../lib/gcc/arm-none-eabi/10.3.1/../../../../arm-none-eabi/lib/thumb/v7e-m+fp/hard\libc_nano.a(lib_a-lseekr.o)
                0x000000000800a0f0                _lseek_r
 .text.__swhatbuf_r
                0x000000000800a114       0x4a c:/st/stm32cubeide_1.10.1/stm32cubeide/plugins/com.st.stm32cube.ide.mcu.externaltools.gnu-tools-for-stm32.10.3-2021.10.win32_1.0.200.202301161003/tools/bin/../lib/gcc/arm-none-eabi/10.3.1/../../../../arm-none-eabi/lib/thumb/v7e-m+fp/hard\libc_nano.a(lib_a-makebuf.o)
                0x000000000800a114                __swhatbuf_r
 *fill*         0x000000000800a15e        0x2 
 .text.__smakebuf_r
                0x000000000800a160       0x80 c:/st/stm32cubeide_1.10.1/stm32cubeide/plugins/com.st.stm32cube.ide.mcu.externaltools.gnu-tools-for-stm32.10.3-2021.10.win32_1.0.200.202301161003/tools/bin/../lib/gcc/arm-none-eabi/10.3.1/../../../../arm-none-eabi/lib/thumb/v7e-m+fp/hard\libc_nano.a(lib_a-makebuf.o)
                0x000000000800a160                __smakebuf_r
 .text.__malloc_lock
                0x000000000800a1e0        0xc c:/st/stm32cubeide_1.10.1/stm32cubeide/plugins/com.st.stm32cube.ide.mcu.externaltools.gnu-tools-for-stm32.10.3-2021.10.win32_1.0.200.202301161003/tools/bin/../lib/gcc/arm-none-eabi/10.3.1/../../../../arm-none-eabi/lib/thumb/v7e-m+fp/hard\libc_nano.a(lib_a-mlock.o)
                0x000000000800a1e0                __malloc_lock
 .text.__malloc_unlock
                0x000000000800a1ec        0xc c:/st/stm32cubeide_1.10.1/stm32cubeide/plugins/com.st.stm32cube.ide.mcu.externaltools.gnu-tools-for-stm32.10.3-2021.10.win32_1.0.200.202301161003/tools/bin/../lib/gcc/arm-none-eabi/10.3.1/../../../../arm-none-eabi/lib/thumb/v7e-m+fp/hard\libc_nano.a(lib_a-mlock.o)
                0x000000000800a1ec                __malloc_unlock
 .text.__sfputc_r
                0x000000000800a1f8       0x2e c:/st/stm32cubeide_1.10.1/stm32cubeide/plugins/com.st.stm32cube.ide.mcu.externaltools.gnu-tools-for-stm32.10.3-2021.10.win32_1.0.200.202301161003/tools/bin/../lib/gcc/arm-none-eabi/10.3.1/../../../../arm-none-eabi/lib/thumb/v7e-m+fp/hard\libc_nano.a(lib_a-nano-vfprintf.o)
 .text.__sfputs_r
                0x000000000800a226       0x24 c:/st/stm32cubeide_1.10.1/stm32cubeide/plugins/com.st.stm32cube.ide.mcu.externaltools.gnu-tools-for-stm32.10.3-2021.10.win32_1.0.200.202301161003/tools/bin/../lib/gcc/arm-none-eabi/10.3.1/../../../../arm-none-eabi/lib/thumb/v7e-m+fp/hard\libc_nano.a(lib_a-nano-vfprintf.o)
                0x000000000800a226                __sfputs_r
 *fill*         0x000000000800a24a        0x2 
 .text._vfprintf_r
                0x000000000800a24c      0x260 c:/st/stm32cubeide_1.10.1/stm32cubeide/plugins/com.st.stm32cube.ide.mcu.externaltools.gnu-tools-for-stm32.10.3-2021.10.win32_1.0.200.202301161003/tools/bin/../lib/gcc/arm-none-eabi/10.3.1/../../../../arm-none-eabi/lib/thumb/v7e-m+fp/hard\libc_nano.a(lib_a-nano-vfprintf.o)
                0x000000000800a24c                _vfprintf_r
                0x000000000800a24c                _vfiprintf_r
 .text._printf_common
                0x000000000800a4ac       0xda c:/st/stm32cubeide_1.10.1/stm32cubeide/plugins/com.st.stm32cube.ide.mcu.externaltools.gnu-tools-for-stm32.10.3-2021.10.win32_1.0.200.202301161003/tools/bin/../lib/gcc/arm-none-eabi/10.3.1/../../../../arm-none-eabi/lib/thumb/v7e-m+fp/hard\libc_nano.a(lib_a-nano-vfprintf_i.o)
                0x000000000800a4ac                _printf_common
 *fill*         0x000000000800a586        0x2 
 .text._printf_i
                0x000000000800a588      0x24c c:/st/stm32cubeide_1.10.1/stm32cubeide/plugins/com.st.stm32cube.ide.mcu.externaltools.gnu-tools-for-stm32.10.3-2021.10.win32_1.0.200.202301161003/tools/bin/../lib/gcc/arm-none-eabi/10.3.1/../../../../arm-none-eabi/lib/thumb/v7e-m+fp/hard\libc_nano.a(lib_a-nano-vfprintf_i.o)
                0x000000000800a588                _printf_i
 .text._read_r  0x000000000800a7d4       0x24 c:/st/stm32cubeide_1.10.1/stm32cubeide/plugins/com.st.stm32cube.ide.mcu.externaltools.gnu-tools-for-stm32.10.3-2021.10.win32_1.0.200.202301161003/tools/bin/../lib/gcc/arm-none-eabi/10.3.1/../../../../arm-none-eabi/lib/thumb/v7e-m+fp/hard\libc_nano.a(lib_a-readr.o)
                0x000000000800a7d4                _read_r
 .text._fstat_r
                0x000000000800a7f8       0x24 c:/st/stm32cubeide_1.10.1/stm32cubeide/plugins/com.st.stm32cube.ide.mcu.externaltools.gnu-tools-for-stm32.10.3-2021.10.win32_1.0.200.202301161003/tools/bin/../lib/gcc/arm-none-eabi/10.3.1/../../../../arm-none-eabi/lib/thumb/v7e-m+fp/hard\libc_nano.a(lib_a-fstatr.o)
                0x000000000800a7f8                _fstat_r
 .text._isatty_r
                0x000000000800a81c       0x20 c:/st/stm32cubeide_1.10.1/stm32cubeide/plugins/com.st.stm32cube.ide.mcu.externaltools.gnu-tools-for-stm32.10.3-2021.10.win32_1.0.200.202301161003/tools/bin/../lib/gcc/arm-none-eabi/10.3.1/../../../../arm-none-eabi/lib/thumb/v7e-m+fp/hard\libc_nano.a(lib_a-isattyr.o)
                0x000000000800a81c                _isatty_r
 *(.glue_7)
 .glue_7        0x000000000800a83c        0x0 linker stubs
 *(.glue_7t)
 .glue_7t       0x000000000800a83c        0x0 linker stubs
 *(.eh_frame)
 .eh_frame      0x000000000800a83c        0x0 c:/st/stm32cubeide_1.10.1/stm32cubeide/plugins/com.st.stm32cube.ide.mcu.externaltools.gnu-tools-for-stm32.10.3-2021.10.win32_1.0.200.202301161003/tools/bin/../lib/gcc/arm-none-eabi/10.3.1/thumb/v7e-m+fp/hard/crtbegin.o
 *(.init)
 .init          0x000000000800a83c        0x4 c:/st/stm32cubeide_1.10.1/stm32cubeide/plugins/com.st.stm32cube.ide.mcu.externaltools.gnu-tools-for-stm32.10.3-2021.10.win32_1.0.200.202301161003/tools/bin/../lib/gcc/arm-none-eabi/10.3.1/thumb/v7e-m+fp/hard/crti.o
                0x000000000800a83c                _init
 .init          0x000000000800a840        0x8 c:/st/stm32cubeide_1.10.1/stm32cubeide/plugins/com.st.stm32cube.ide.mcu.externaltools.gnu-tools-for-stm32.10.3-2021.10.win32_1.0.200.202301161003/tools/bin/../lib/gcc/arm-none-eabi/10.3.1/thumb/v7e-m+fp/hard/crtn.o
 *(.fini)
 .fini          0x000000000800a848        0x4 c:/st/stm32cubeide_1.10.1/stm32cubeide/plugins/com.st.stm32cube.ide.mcu.externaltools.gnu-tools-for-stm32.10.3-2021.10.win32_1.0.200.202301161003/tools/bin/../lib/gcc/arm-none-eabi/10.3.1/thumb/v7e-m+fp/hard/crti.o
                0x000000000800a848                _fini
 .fini          0x000000000800a84c        0x8 c:/st/stm32cubeide_1.10.1/stm32cubeide/plugins/com.st.stm32cube.ide.mcu.externaltools.gnu-tools-for-stm32.10.3-2021.10.win32_1.0.200.202301161003/tools/bin/../lib/gcc/arm-none-eabi/10.3.1/thumb/v7e-m+fp/hard/crtn.o
                0x000000000800a854                . = ALIGN (0x4)
                0x000000000800a854                _etext = .

.vfp11_veneer   0x000000000800a854        0x0
 .vfp11_veneer  0x000000000800a854        0x0 linker stubs

.v4_bx          0x000000000800a854        0x0
 .v4_bx         0x000000000800a854        0x0 linker stubs

.iplt           0x000000000800a854        0x0
 .iplt          0x000000000800a854        0x0 c:/st/stm32cubeide_1.10.1/stm32cubeide/plugins/com.st.stm32cube.ide.mcu.externaltools.gnu-tools-for-stm32.10.3-2021.10.win32_1.0.200.202301161003/tools/bin/../lib/gcc/arm-none-eabi/10.3.1/thumb/v7e-m+fp/hard/crtbegin.o

.rodata         0x000000000800a854      0x5cc
                0x000000000800a854                . = ALIGN (0x4)
 *(.rodata)
 .rodata        0x000000000800a854      0x301 ./CANopenNode_STM32/CO_app_STM32.o
 *fill*         0x000000000800ab55        0x3 
 .rodata        0x000000000800ab58       0x41 ./Core/Src/main.o
 *(.rodata*)
 *fill*         0x000000000800ab99        0x3 
 .rodata.abortCodes.0
                0x000000000800ab9c       0x68 ./CANopenNode/301/CO_ODinterface.o
 .rodata.CO_LSS_bitTimingTableLookup
                0x000000000800ac04       0x14 ./CANopenNode/305/CO_LSSslave.o
 .rodata.ODObjs
                0x000000000800ac18      0x158 ./CANopenNode_STM32/OD.o
 .rodata.AHBPrescTable
                0x000000000800ad70       0x10 ./Core/Src/system_stm32f4xx.o
                0x000000000800ad70                AHBPrescTable
 .rodata.APBPrescTable
                0x000000000800ad80        0x8 ./Core/Src/system_stm32f4xx.o
                0x000000000800ad80                APBPrescTable
 .rodata.__sf_fake_stderr
                0x000000000800ad88       0x20 c:/st/stm32cubeide_1.10.1/stm32cubeide/plugins/com.st.stm32cube.ide.mcu.externaltools.gnu-tools-for-stm32.10.3-2021.10.win32_1.0.200.202301161003/tools/bin/../lib/gcc/arm-none-eabi/10.3.1/../../../../arm-none-eabi/lib/thumb/v7e-m+fp/hard\libc_nano.a(lib_a-findfp.o)
                0x000000000800ad88                __sf_fake_stderr
 .rodata.__sf_fake_stdin
                0x000000000800ada8       0x20 c:/st/stm32cubeide_1.10.1/stm32cubeide/plugins/com.st.stm32cube.ide.mcu.externaltools.gnu-tools-for-stm32.10.3-2021.10.win32_1.0.200.202301161003/tools/bin/../lib/gcc/arm-none-eabi/10.3.1/../../../../arm-none-eabi/lib/thumb/v7e-m+fp/hard\libc_nano.a(lib_a-findfp.o)
                0x000000000800ada8                __sf_fake_stdin
 .rodata.__sf_fake_stdout
                0x000000000800adc8       0x20 c:/st/stm32cubeide_1.10.1/stm32cubeide/plugins/com.st.stm32cube.ide.mcu.externaltools.gnu-tools-for-stm32.10.3-2021.10.win32_1.0.200.202301161003/tools/bin/../lib/gcc/arm-none-eabi/10.3.1/../../../../arm-none-eabi/lib/thumb/v7e-m+fp/hard\libc_nano.a(lib_a-findfp.o)
                0x000000000800adc8                __sf_fake_stdout
 .rodata._global_impure_ptr
                0x000000000800ade8        0x4 c:/st/stm32cubeide_1.10.1/stm32cubeide/plugins/com.st.stm32cube.ide.mcu.externaltools.gnu-tools-for-stm32.10.3-2021.10.win32_1.0.200.202301161003/tools/bin/../lib/gcc/arm-none-eabi/10.3.1/../../../../arm-none-eabi/lib/thumb/v7e-m+fp/hard\libc_nano.a(lib_a-impure.o)
                0x000000000800ade8                _global_impure_ptr
 .rodata._vfprintf_r.str1.1
                0x000000000800adec       0x11 c:/st/stm32cubeide_1.10.1/stm32cubeide/plugins/com.st.stm32cube.ide.mcu.externaltools.gnu-tools-for-stm32.10.3-2021.10.win32_1.0.200.202301161003/tools/bin/../lib/gcc/arm-none-eabi/10.3.1/../../../../arm-none-eabi/lib/thumb/v7e-m+fp/hard\libc_nano.a(lib_a-nano-vfprintf.o)
 .rodata._printf_i.str1.1
                0x000000000800adfd       0x22 c:/st/stm32cubeide_1.10.1/stm32cubeide/plugins/com.st.stm32cube.ide.mcu.externaltools.gnu-tools-for-stm32.10.3-2021.10.win32_1.0.200.202301161003/tools/bin/../lib/gcc/arm-none-eabi/10.3.1/../../../../arm-none-eabi/lib/thumb/v7e-m+fp/hard\libc_nano.a(lib_a-nano-vfprintf_i.o)
                0x000000000800ae20                . = ALIGN (0x4)
 *fill*         0x000000000800ae1f        0x1 

.ARM.extab      0x000000000800ae20        0x0
                0x000000000800ae20                . = ALIGN (0x4)
 *(.ARM.extab* .gnu.linkonce.armextab.*)
                0x000000000800ae20                . = ALIGN (0x4)

.ARM            0x000000000800ae20        0x8
                0x000000000800ae20                . = ALIGN (0x4)
                0x000000000800ae20                __exidx_start = .
 *(.ARM.exidx*)
 .ARM.exidx     0x000000000800ae20        0x8 c:/st/stm32cubeide_1.10.1/stm32cubeide/plugins/com.st.stm32cube.ide.mcu.externaltools.gnu-tools-for-stm32.10.3-2021.10.win32_1.0.200.202301161003/tools/bin/../lib/gcc/arm-none-eabi/10.3.1/thumb/v7e-m+fp/hard\libgcc.a(_udivmoddi4.o)
                0x000000000800ae28                __exidx_end = .
                0x000000000800ae28                . = ALIGN (0x4)

.rel.dyn        0x000000000800ae28        0x0
 .rel.iplt      0x000000000800ae28        0x0 c:/st/stm32cubeide_1.10.1/stm32cubeide/plugins/com.st.stm32cube.ide.mcu.externaltools.gnu-tools-for-stm32.10.3-2021.10.win32_1.0.200.202301161003/tools/bin/../lib/gcc/arm-none-eabi/10.3.1/thumb/v7e-m+fp/hard/crtbegin.o

.preinit_array  0x000000000800ae28        0x0
                0x000000000800ae28                . = ALIGN (0x4)
                0x000000000800ae28                PROVIDE (__preinit_array_start = .)
 *(.preinit_array*)
                0x000000000800ae28                PROVIDE (__preinit_array_end = .)
                0x000000000800ae28                . = ALIGN (0x4)

.init_array     0x000000000800ae28        0x4
                0x000000000800ae28                . = ALIGN (0x4)
                0x000000000800ae28                PROVIDE (__init_array_start = .)
 *(SORT_BY_NAME(.init_array.*))
 *(.init_array*)
 .init_array    0x000000000800ae28        0x4 c:/st/stm32cubeide_1.10.1/stm32cubeide/plugins/com.st.stm32cube.ide.mcu.externaltools.gnu-tools-for-stm32.10.3-2021.10.win32_1.0.200.202301161003/tools/bin/../lib/gcc/arm-none-eabi/10.3.1/thumb/v7e-m+fp/hard/crtbegin.o
                0x000000000800ae2c                PROVIDE (__init_array_end = .)
                0x000000000800ae2c                . = ALIGN (0x4)

.fini_array     0x000000000800ae2c        0x4
                0x000000000800ae2c                . = ALIGN (0x4)
                [!provide]                        PROVIDE (__fini_array_start = .)
 *(SORT_BY_NAME(.fini_array.*))
 *(.fini_array*)
 .fini_array    0x000000000800ae2c        0x4 c:/st/stm32cubeide_1.10.1/stm32cubeide/plugins/com.st.stm32cube.ide.mcu.externaltools.gnu-tools-for-stm32.10.3-2021.10.win32_1.0.200.202301161003/tools/bin/../lib/gcc/arm-none-eabi/10.3.1/thumb/v7e-m+fp/hard/crtbegin.o
                [!provide]                        PROVIDE (__fini_array_end = .)
                0x000000000800ae30                . = ALIGN (0x4)
                0x000000000800ae30                _sidata = LOADADDR (.data)

.data           0x0000000020000000      0x1f0 load address 0x000000000800ae30
                0x0000000020000000                . = ALIGN (0x4)
                0x0000000020000000                _sdata = .
 *(.data)
 *(.data*)
 .data.OD_PERSIST_COMM
                0x0000000020000000       0x68 ./CANopenNode_STM32/OD.o
                0x0000000020000000                OD_PERSIST_COMM
 .data.OD_RAM   0x0000000020000068       0x34 ./CANopenNode_STM32/OD.o
                0x0000000020000068                OD_RAM
 .data.ODList   0x000000002000009c       0xd8 ./CANopenNode_STM32/OD.o
 .data._OD      0x0000000020000174        0x8 ./CANopenNode_STM32/OD.o
 .data.OD       0x000000002000017c        0x4 ./CANopenNode_STM32/OD.o
                0x000000002000017c                OD
 .data.SystemCoreClock
                0x0000000020000180        0x4 ./Core/Src/system_stm32f4xx.o
                0x0000000020000180                SystemCoreClock
 .data.uwTickPrio
                0x0000000020000184        0x4 ./Drivers/STM32F4xx_HAL_Driver/Src/stm32f4xx_hal.o
                0x0000000020000184                uwTickPrio
 .data.uwTickFreq
                0x0000000020000188        0x1 ./Drivers/STM32F4xx_HAL_Driver/Src/stm32f4xx_hal.o
                0x0000000020000188                uwTickFreq
 *fill*         0x0000000020000189        0x3 
 .data._impure_ptr
                0x000000002000018c        0x4 c:/st/stm32cubeide_1.10.1/stm32cubeide/plugins/com.st.stm32cube.ide.mcu.externaltools.gnu-tools-for-stm32.10.3-2021.10.win32_1.0.200.202301161003/tools/bin/../lib/gcc/arm-none-eabi/10.3.1/../../../../arm-none-eabi/lib/thumb/v7e-m+fp/hard\libc_nano.a(lib_a-impure.o)
                0x000000002000018c                _impure_ptr
 .data.impure_data
                0x0000000020000190       0x60 c:/st/stm32cubeide_1.10.1/stm32cubeide/plugins/com.st.stm32cube.ide.mcu.externaltools.gnu-tools-for-stm32.10.3-2021.10.win32_1.0.200.202301161003/tools/bin/../lib/gcc/arm-none-eabi/10.3.1/../../../../arm-none-eabi/lib/thumb/v7e-m+fp/hard\libc_nano.a(lib_a-impure.o)
 *(.RamFunc)
 *(.RamFunc*)
                0x00000000200001f0                . = ALIGN (0x4)
                0x00000000200001f0                _edata = .
                0x000000000800b020                _siccmram = LOADADDR (.ccmram)

.igot.plt       0x00000000200001f0        0x0 load address 0x000000000800b020
 .igot.plt      0x00000000200001f0        0x0 c:/st/stm32cubeide_1.10.1/stm32cubeide/plugins/com.st.stm32cube.ide.mcu.externaltools.gnu-tools-for-stm32.10.3-2021.10.win32_1.0.200.202301161003/tools/bin/../lib/gcc/arm-none-eabi/10.3.1/thumb/v7e-m+fp/hard/crtbegin.o

.ccmram         0x0000000010000000        0x0 load address 0x000000000800b020
                0x0000000010000000                . = ALIGN (0x4)
                0x0000000010000000                _sccmram = .
 *(.ccmram)
 *(.ccmram*)
                0x0000000010000000                . = ALIGN (0x4)
                0x0000000010000000                _eccmram = .
                0x0000000010000000                . = ALIGN (0x4)

.bss            0x00000000200001f0      0x194
                0x00000000200001f0                _sbss = .
                0x00000000200001f0                __bss_start__ = _sbss
 *(.bss)
 .bss           0x00000000200001f0       0x1c c:/st/stm32cubeide_1.10.1/stm32cubeide/plugins/com.st.stm32cube.ide.mcu.externaltools.gnu-tools-for-stm32.10.3-2021.10.win32_1.0.200.202301161003/tools/bin/../lib/gcc/arm-none-eabi/10.3.1/thumb/v7e-m+fp/hard/crtbegin.o
 *(.bss*)
 .bss.canopenNodeSTM32
                0x000000002000020c        0x4 ./CANopenNode_STM32/CO_app_STM32.o
                0x000000002000020c                canopenNodeSTM32
 .bss.CO        0x0000000020000210        0x4 ./CANopenNode_STM32/CO_app_STM32.o
                0x0000000020000210                CO
 .bss.time_old  0x0000000020000214        0x4 ./CANopenNode_STM32/CO_app_STM32.o
                0x0000000020000214                time_old
 .bss.time_current
                0x0000000020000218        0x4 ./CANopenNode_STM32/CO_app_STM32.o
                0x0000000020000218                time_current
 .bss.err       0x000000002000021c        0x1 ./CANopenNode_STM32/CO_app_STM32.o
                0x000000002000021c                err
 *fill*         0x000000002000021d        0x3 
 .bss.CANModule_local
                0x0000000020000220        0x4 ./CANopenNode_STM32/CO_driver_STM32.o
 .bss.tx_hdr.1  0x0000000020000224       0x18 ./CANopenNode_STM32/CO_driver_STM32.o
 .bss.rx_hdr.0  0x000000002000023c       0x1c ./CANopenNode_STM32/CO_driver_STM32.o
 .bss.hcan1     0x0000000020000258       0x28 ./Core/Src/main.o
                0x0000000020000258                hcan1
 .bss.htim14    0x0000000020000280       0x48 ./Core/Src/main.o
                0x0000000020000280                htim14
 .bss.huart2    0x00000000200002c8       0x44 ./Core/Src/main.o
                0x00000000200002c8                huart2
 .bss.canOpenNodeSTM32
                0x000000002000030c       0x18 ./Core/Src/main.o
                0x000000002000030c                canOpenNodeSTM32
 .bss.HBcons    0x0000000020000324       0x28 ./Core/Src/main.o
                0x0000000020000324                HBcons
 .bss.HBconsNodes
                0x000000002000034c       0x1c ./Core/Src/main.o
                0x000000002000034c                HBconsNodes
 .bss.errInfo   0x0000000020000368        0x4 ./Core/Src/main.o
                0x0000000020000368                errInfo
 .bss.__sbrk_heap_end
                0x000000002000036c        0x4 ./Core/Src/sysmem.o
 .bss.uwTick    0x0000000020000370        0x4 ./Drivers/STM32F4xx_HAL_Driver/Src/stm32f4xx_hal.o
                0x0000000020000370                uwTick
 .bss.__lock___malloc_recursive_mutex
                0x0000000020000374        0x1 c:/st/stm32cubeide_1.10.1/stm32cubeide/plugins/com.st.stm32cube.ide.mcu.externaltools.gnu-tools-for-stm32.10.3-2021.10.win32_1.0.200.202301161003/tools/bin/../lib/gcc/arm-none-eabi/10.3.1/../../../../arm-none-eabi/lib/thumb/v7e-m+fp/hard\libc_nano.a(lib_a-lock.o)
                0x0000000020000374                __lock___malloc_recursive_mutex
 .bss.__lock___sfp_recursive_mutex
                0x0000000020000375        0x1 c:/st/stm32cubeide_1.10.1/stm32cubeide/plugins/com.st.stm32cube.ide.mcu.externaltools.gnu-tools-for-stm32.10.3-2021.10.win32_1.0.200.202301161003/tools/bin/../lib/gcc/arm-none-eabi/10.3.1/../../../../arm-none-eabi/lib/thumb/v7e-m+fp/hard\libc_nano.a(lib_a-lock.o)
                0x0000000020000375                __lock___sfp_recursive_mutex
 .bss.__lock___sinit_recursive_mutex
                0x0000000020000376        0x1 c:/st/stm32cubeide_1.10.1/stm32cubeide/plugins/com.st.stm32cube.ide.mcu.externaltools.gnu-tools-for-stm32.10.3-2021.10.win32_1.0.200.202301161003/tools/bin/../lib/gcc/arm-none-eabi/10.3.1/../../../../arm-none-eabi/lib/thumb/v7e-m+fp/hard\libc_nano.a(lib_a-lock.o)
                0x0000000020000376                __lock___sinit_recursive_mutex
 *fill*         0x0000000020000377        0x1 
 .bss.__malloc_free_list
                0x0000000020000378        0x4 c:/st/stm32cubeide_1.10.1/stm32cubeide/plugins/com.st.stm32cube.ide.mcu.externaltools.gnu-tools-for-stm32.10.3-2021.10.win32_1.0.200.202301161003/tools/bin/../lib/gcc/arm-none-eabi/10.3.1/../../../../arm-none-eabi/lib/thumb/v7e-m+fp/hard\libc_nano.a(lib_a-nano-mallocr.o)
                0x0000000020000378                __malloc_free_list
 .bss.__malloc_sbrk_start
                0x000000002000037c        0x4 c:/st/stm32cubeide_1.10.1/stm32cubeide/plugins/com.st.stm32cube.ide.mcu.externaltools.gnu-tools-for-stm32.10.3-2021.10.win32_1.0.200.202301161003/tools/bin/../lib/gcc/arm-none-eabi/10.3.1/../../../../arm-none-eabi/lib/thumb/v7e-m+fp/hard\libc_nano.a(lib_a-nano-mallocr.o)
                0x000000002000037c                __malloc_sbrk_start
 .bss.errno     0x0000000020000380        0x4 c:/st/stm32cubeide_1.10.1/stm32cubeide/plugins/com.st.stm32cube.ide.mcu.externaltools.gnu-tools-for-stm32.10.3-2021.10.win32_1.0.200.202301161003/tools/bin/../lib/gcc/arm-none-eabi/10.3.1/../../../../arm-none-eabi/lib/thumb/v7e-m+fp/hard\libc_nano.a(lib_a-reent.o)
                0x0000000020000380                errno
 *(COMMON)
                0x0000000020000384                . = ALIGN (0x4)
                0x0000000020000384                _ebss = .
                0x0000000020000384                __bss_end__ = _ebss

._user_heap_stack
                0x0000000020000384      0x604
                0x0000000020000388                . = ALIGN (0x8)
 *fill*         0x0000000020000384        0x4 
                [!provide]                        PROVIDE (end = .)
                0x0000000020000388                PROVIDE (_end = .)
                0x0000000020000588                . = (. + _Min_Heap_Size)
 *fill*         0x0000000020000388      0x200 
                0x0000000020000988                . = (. + _Min_Stack_Size)
 *fill*         0x0000000020000588      0x400 
                0x0000000020000988                . = ALIGN (0x8)

/DISCARD/
 libc.a(*)
 libm.a(*)
 libgcc.a(*)

.ARM.attributes
                0x0000000000000000       0x30
 *(.ARM.attributes)
 .ARM.attributes
                0x0000000000000000       0x1e c:/st/stm32cubeide_1.10.1/stm32cubeide/plugins/com.st.stm32cube.ide.mcu.externaltools.gnu-tools-for-stm32.10.3-2021.10.win32_1.0.200.202301161003/tools/bin/../lib/gcc/arm-none-eabi/10.3.1/thumb/v7e-m+fp/hard/crti.o
 .ARM.attributes
                0x000000000000001e       0x34 c:/st/stm32cubeide_1.10.1/stm32cubeide/plugins/com.st.stm32cube.ide.mcu.externaltools.gnu-tools-for-stm32.10.3-2021.10.win32_1.0.200.202301161003/tools/bin/../lib/gcc/arm-none-eabi/10.3.1/thumb/v7e-m+fp/hard/crtbegin.o
 .ARM.attributes
                0x0000000000000052       0x34 ./CANopenNode/301/CO_Emergency.o
 .ARM.attributes
                0x0000000000000086       0x34 ./CANopenNode/301/CO_HBconsumer.o
 .ARM.attributes
                0x00000000000000ba       0x34 ./CANopenNode/301/CO_NMT_Heartbeat.o
 .ARM.attributes
                0x00000000000000ee       0x34 ./CANopenNode/301/CO_ODinterface.o
 .ARM.attributes
                0x0000000000000122       0x34 ./CANopenNode/301/CO_SDOclient.o
 .ARM.attributes
                0x0000000000000156       0x34 ./CANopenNode/301/CO_SDOserver.o
 .ARM.attributes
                0x000000000000018a       0x34 ./CANopenNode/301/CO_SYNC.o
 .ARM.attributes
                0x00000000000001be       0x34 ./CANopenNode/301/CO_TIME.o
 .ARM.attributes
                0x00000000000001f2       0x34 ./CANopenNode/301/CO_fifo.o
 .ARM.attributes
                0x0000000000000226       0x34 ./CANopenNode/303/CO_LEDs.o
 .ARM.attributes
                0x000000000000025a       0x34 ./CANopenNode/305/CO_LSSmaster.o
 .ARM.attributes
                0x000000000000028e       0x34 ./CANopenNode/305/CO_LSSslave.o
 .ARM.attributes
                0x00000000000002c2       0x34 ./CANopenNode/CANopen.o
 .ARM.attributes
                0x00000000000002f6       0x34 ./CANopenNode_STM32/CO_app_STM32.o
 .ARM.attributes
                0x000000000000032a       0x34 ./CANopenNode_STM32/CO_driver_STM32.o
 .ARM.attributes
                0x000000000000035e       0x34 ./CANopenNode_STM32/OD.o
 .ARM.attributes
                0x0000000000000392       0x34 ./Core/Src/main.o
 .ARM.attributes
                0x00000000000003c6       0x34 ./Core/Src/stm32f4xx_hal_msp.o
 .ARM.attributes
                0x00000000000003fa       0x34 ./Core/Src/stm32f4xx_it.o
 .ARM.attributes
                0x000000000000042e       0x34 ./Core/Src/syscalls.o
 .ARM.attributes
                0x0000000000000462       0x34 ./Core/Src/sysmem.o
 .ARM.attributes
                0x0000000000000496       0x34 ./Core/Src/system_stm32f4xx.o
 .ARM.attributes
                0x00000000000004ca       0x21 ./Core/Startup/startup_stm32f407zetx.o
 .ARM.attributes
                0x00000000000004eb       0x34 ./Drivers/STM32F4xx_HAL_Driver/Src/stm32f4xx_hal.o
 .ARM.attributes
                0x000000000000051f       0x34 ./Drivers/STM32F4xx_HAL_Driver/Src/stm32f4xx_hal_can.o
 .ARM.attributes
                0x0000000000000553       0x34 ./Drivers/STM32F4xx_HAL_Driver/Src/stm32f4xx_hal_cortex.o
 .ARM.attributes
                0x0000000000000587       0x34 ./Drivers/STM32F4xx_HAL_Driver/Src/stm32f4xx_hal_gpio.o
 .ARM.attributes
                0x00000000000005bb       0x34 ./Drivers/STM32F4xx_HAL_Driver/Src/stm32f4xx_hal_rcc.o
 .ARM.attributes
                0x00000000000005ef       0x34 ./Drivers/STM32F4xx_HAL_Driver/Src/stm32f4xx_hal_tim.o
 .ARM.attributes
                0x0000000000000623       0x34 ./Drivers/STM32F4xx_HAL_Driver/Src/stm32f4xx_hal_tim_ex.o
 .ARM.attributes
                0x0000000000000657       0x34 ./Drivers/STM32F4xx_HAL_Driver/Src/stm32f4xx_hal_uart.o
 .ARM.attributes
                0x000000000000068b       0x34 c:/st/stm32cubeide_1.10.1/stm32cubeide/plugins/com.st.stm32cube.ide.mcu.externaltools.gnu-tools-for-stm32.10.3-2021.10.win32_1.0.200.202301161003/tools/bin/../lib/gcc/arm-none-eabi/10.3.1/../../../../arm-none-eabi/lib/thumb/v7e-m+fp/hard\libc_nano.a(lib_a-calloc.o)
 .ARM.attributes
                0x00000000000006bf       0x34 c:/st/stm32cubeide_1.10.1/stm32cubeide/plugins/com.st.stm32cube.ide.mcu.externaltools.gnu-tools-for-stm32.10.3-2021.10.win32_1.0.200.202301161003/tools/bin/../lib/gcc/arm-none-eabi/10.3.1/../../../../arm-none-eabi/lib/thumb/v7e-m+fp/hard\libc_nano.a(lib_a-errno.o)
 .ARM.attributes
                0x00000000000006f3       0x34 c:/st/stm32cubeide_1.10.1/stm32cubeide/plugins/com.st.stm32cube.ide.mcu.externaltools.gnu-tools-for-stm32.10.3-2021.10.win32_1.0.200.202301161003/tools/bin/../lib/gcc/arm-none-eabi/10.3.1/../../../../arm-none-eabi/lib/thumb/v7e-m+fp/hard\libc_nano.a(lib_a-fflush.o)
 .ARM.attributes
                0x0000000000000727       0x34 c:/st/stm32cubeide_1.10.1/stm32cubeide/plugins/com.st.stm32cube.ide.mcu.externaltools.gnu-tools-for-stm32.10.3-2021.10.win32_1.0.200.202301161003/tools/bin/../lib/gcc/arm-none-eabi/10.3.1/../../../../arm-none-eabi/lib/thumb/v7e-m+fp/hard\libc_nano.a(lib_a-findfp.o)
 .ARM.attributes
                0x000000000000075b       0x34 c:/st/stm32cubeide_1.10.1/stm32cubeide/plugins/com.st.stm32cube.ide.mcu.externaltools.gnu-tools-for-stm32.10.3-2021.10.win32_1.0.200.202301161003/tools/bin/../lib/gcc/arm-none-eabi/10.3.1/../../../../arm-none-eabi/lib/thumb/v7e-m+fp/hard\libc_nano.a(lib_a-fwalk.o)
 .ARM.attributes
                0x000000000000078f       0x34 c:/st/stm32cubeide_1.10.1/stm32cubeide/plugins/com.st.stm32cube.ide.mcu.externaltools.gnu-tools-for-stm32.10.3-2021.10.win32_1.0.200.202301161003/tools/bin/../lib/gcc/arm-none-eabi/10.3.1/../../../../arm-none-eabi/lib/thumb/v7e-m+fp/hard\libc_nano.a(lib_a-impure.o)
 .ARM.attributes
                0x00000000000007c3       0x34 c:/st/stm32cubeide_1.10.1/stm32cubeide/plugins/com.st.stm32cube.ide.mcu.externaltools.gnu-tools-for-stm32.10.3-2021.10.win32_1.0.200.202301161003/tools/bin/../lib/gcc/arm-none-eabi/10.3.1/../../../../arm-none-eabi/lib/thumb/v7e-m+fp/hard\libc_nano.a(lib_a-init.o)
 .ARM.attributes
                0x00000000000007f7       0x34 c:/st/stm32cubeide_1.10.1/stm32cubeide/plugins/com.st.stm32cube.ide.mcu.externaltools.gnu-tools-for-stm32.10.3-2021.10.win32_1.0.200.202301161003/tools/bin/../lib/gcc/arm-none-eabi/10.3.1/../../../../arm-none-eabi/lib/thumb/v7e-m+fp/hard\libc_nano.a(lib_a-lock.o)
 .ARM.attributes
                0x000000000000082b       0x34 c:/st/stm32cubeide_1.10.1/stm32cubeide/plugins/com.st.stm32cube.ide.mcu.externaltools.gnu-tools-for-stm32.10.3-2021.10.win32_1.0.200.202301161003/tools/bin/../lib/gcc/arm-none-eabi/10.3.1/../../../../arm-none-eabi/lib/thumb/v7e-m+fp/hard\libc_nano.a(lib_a-malloc.o)
 .ARM.attributes
                0x000000000000085f       0x34 c:/st/stm32cubeide_1.10.1/stm32cubeide/plugins/com.st.stm32cube.ide.mcu.externaltools.gnu-tools-for-stm32.10.3-2021.10.win32_1.0.200.202301161003/tools/bin/../lib/gcc/arm-none-eabi/10.3.1/../../../../arm-none-eabi/lib/thumb/v7e-m+fp/hard\libc_nano.a(lib_a-memcpy-stub.o)
 .ARM.attributes
                0x0000000000000893       0x34 c:/st/stm32cubeide_1.10.1/stm32cubeide/plugins/com.st.stm32cube.ide.mcu.externaltools.gnu-tools-for-stm32.10.3-2021.10.win32_1.0.200.202301161003/tools/bin/../lib/gcc/arm-none-eabi/10.3.1/../../../../arm-none-eabi/lib/thumb/v7e-m+fp/hard\libc_nano.a(lib_a-memmove.o)
 .ARM.attributes
                0x00000000000008c7       0x34 c:/st/stm32cubeide_1.10.1/stm32cubeide/plugins/com.st.stm32cube.ide.mcu.externaltools.gnu-tools-for-stm32.10.3-2021.10.win32_1.0.200.202301161003/tools/bin/../lib/gcc/arm-none-eabi/10.3.1/../../../../arm-none-eabi/lib/thumb/v7e-m+fp/hard\libc_nano.a(lib_a-memset.o)
 .ARM.attributes
                0x00000000000008fb       0x34 c:/st/stm32cubeide_1.10.1/stm32cubeide/plugins/com.st.stm32cube.ide.mcu.externaltools.gnu-tools-for-stm32.10.3-2021.10.win32_1.0.200.202301161003/tools/bin/../lib/gcc/arm-none-eabi/10.3.1/../../../../arm-none-eabi/lib/thumb/v7e-m+fp/hard\libc_nano.a(lib_a-nano-callocr.o)
 .ARM.attributes
                0x000000000000092f       0x34 c:/st/stm32cubeide_1.10.1/stm32cubeide/plugins/com.st.stm32cube.ide.mcu.externaltools.gnu-tools-for-stm32.10.3-2021.10.win32_1.0.200.202301161003/tools/bin/../lib/gcc/arm-none-eabi/10.3.1/../../../../arm-none-eabi/lib/thumb/v7e-m+fp/hard\libc_nano.a(lib_a-nano-freer.o)
 .ARM.attributes
                0x0000000000000963       0x34 c:/st/stm32cubeide_1.10.1/stm32cubeide/plugins/com.st.stm32cube.ide.mcu.externaltools.gnu-tools-for-stm32.10.3-2021.10.win32_1.0.200.202301161003/tools/bin/../lib/gcc/arm-none-eabi/10.3.1/../../../../arm-none-eabi/lib/thumb/v7e-m+fp/hard\libc_nano.a(lib_a-nano-mallocr.o)
 .ARM.attributes
                0x0000000000000997       0x34 c:/st/stm32cubeide_1.10.1/stm32cubeide/plugins/com.st.stm32cube.ide.mcu.externaltools.gnu-tools-for-stm32.10.3-2021.10.win32_1.0.200.202301161003/tools/bin/../lib/gcc/arm-none-eabi/10.3.1/../../../../arm-none-eabi/lib/thumb/v7e-m+fp/hard\libc_nano.a(lib_a-printf.o)
 .ARM.attributes