../Core/Src/main.c:87:6:HAL_TIM_PeriodElapsedCallback	16	static
../Core/Src/main.c:93:6:disable_CAN_transmission	16	static
../Core/Src/main.c:99:6:checkHeartbeat	128	static
../Core/Src/main.c:118:5:main	64	static
../Core/Src/main.c:206:6:SystemClock_Config	88	static
../Core/Src/main.c:253:13:MX_CAN1_Init	8	static
../Core/Src/main.c:290:13:MX_TIM14_Init	8	static
../Core/Src/main.c:321:13:MX_USART2_UART_Init	8	static
../Core/Src/main.c:354:13:MX_GPIO_Init	48	static
../Core/Src/main.c:388:6:Error_Handler	4	static,ignoring_inline_asm
