../CANopenNode/301/CO_driver.h:747:24:CO_getUint32	24	static
../CANopenNode/301/CO_driver.h:763:23:CO_setUint16	16	static
../CANopenNode/301/CO_driver.h:767:23:CO_setUint32	16	static
../CANopenNode/305/CO_LSSmaster.c:77:13:CO_LSSmaster_receive	32	static
../CANopenNode/305/CO_LSSmaster.c:110:37:CO_LSSmaster_check_timeout	24	static
../CANopenNode/305/CO_LSSmaster.c:127:18:CO_LSSmaster_init	48	static
../CANopenNode/305/CO_LSSmaster.c:184:6:CO_LSSmaster_changeTimeout	16	static
../CANopenNode/305/CO_LSSmaster.c:212:30:CO_LSSmaster_switchStateSelectInitiate	24	static
../CANopenNode/305/CO_LSSmaster.c:260:30:CO_LSSmaster_switchStateSelectWait	24	static
../CANopenNode/305/CO_LSSmaster.c:286:23:CO_LSSmaster_switchStateSelect	32	static
../CANopenNode/305/CO_LSSmaster.c:322:23:CO_LSSmaster_switchStateDeselect	24	static
../CANopenNode/305/CO_LSSmaster.c:369:30:CO_LSSmaster_configureCheckWait	32	static
../CANopenNode/305/CO_LSSmaster.c:409:23:CO_LSSmaster_configureBitTiming	32	static
../CANopenNode/305/CO_LSSmaster.c:466:23:CO_LSSmaster_configureNodeId	32	static
../CANopenNode/305/CO_LSSmaster.c:511:23:CO_LSSmaster_configureStore	24	static
../CANopenNode/305/CO_LSSmaster.c:551:23:CO_LSSmaster_ActivateBit	24	static
../CANopenNode/305/CO_LSSmaster.c:582:30:CO_LSSmaster_inquireInitiate	16	static
../CANopenNode/305/CO_LSSmaster.c:597:30:CO_LSSmaster_inquireCheckWait	32	static
../CANopenNode/305/CO_LSSmaster.c:625:23:CO_LSSmaster_InquireLssAddress	32	static
../CANopenNode/305/CO_LSSmaster.c:712:23:CO_LSSmaster_Inquire	32	static
../CANopenNode/305/CO_LSSmaster.c:749:13:CO_LSSmaster_FsSendMsg	24	static
../CANopenNode/305/CO_LSSmaster.c:771:30:CO_LSSmaster_FsCheckWait	24	static
../CANopenNode/305/CO_LSSmaster.c:798:30:CO_LSSmaster_FsScanInitiate	32	static
../CANopenNode/305/CO_LSSmaster.c:832:30:CO_LSSmaster_FsScanWait	40	static
../CANopenNode/305/CO_LSSmaster.c:888:30:CO_LSSmaster_FsVerifyInitiate	32	static
../CANopenNode/305/CO_LSSmaster.c:923:30:CO_LSSmaster_FsVerifyWait	32	static
../CANopenNode/305/CO_LSSmaster.c:960:37:CO_LSSmaster_FsSearchNext	24	static
../CANopenNode/305/CO_LSSmaster.c:980:23:CO_LSSmaster_IdentifyFastscan	40	static
