../CANopenNode/301/CO_ODinterface.h:343:1:OD_getIndex	16	static
../CANopenNode/301/CO_ODinterface.h:537:1:OD_get_u8	32	static
../CANopenNode/301/CO_ODinterface.h:549:1:OD_get_u32	32	static
../CANopenNode/301/CO_fifo.h:85:1:CO_fifo_reset	16	static
../CANopenNode/301/CO_fifo.h:123:1:CO_fifo_getSpace	24	static
../CANopenNode/301/CO_fifo.h:140:1:CO_fifo_getOccupied	24	static
../CANopenNode/301/CO_SDOclient.c:57:1:CO_SDOclient_receive	32	static
../CANopenNode/301/CO_SDOclient.c:215:1:CO_SDOclient_init	48	static
../CANopenNode/301/CO_SDOclient.c:311:1:CO_SDOclient_setup	48	static
../CANopenNode/301/CO_SDOclient.c:364:1:CO_SDOclientDownloadInitiate	24	static
../CANopenNode/301/CO_SDOclient.c:403:1:CO_SDOclientDownloadInitSize	16	static
../CANopenNode/301/CO_SDOclient.c:416:1:CO_SDOclientDownloadBufWrite	32	static
../CANopenNode/301/CO_SDOclient.c:425:1:CO_SDOclientDownload	56	static
../CANopenNode/301/CO_SDOclient.c:1043:1:CO_SDOclientUploadInitiate	24	static
../CANopenNode/301/CO_SDOclient.c:1085:1:CO_SDOclientUpload	72	static
../CANopenNode/301/CO_SDOclient.c:1760:1:CO_SDOclientUploadBufRead	32	static
../CANopenNode/301/CO_SDOclient.c:1769:1:CO_SDOclientClose	16	static
